[0;32mI (102) esp_imESP-ROM:esp32s3-20210327
Build:Mar 27 2021
rst:0x15 (USB_UART_CHIP_RESET),boot:0x8 (SPI_FAST_FLASH_BOOT)
Saved PC:0x40048839
SPIWP:0xee
Octal Flash Mode Enabled
For OPI Flash, Use Default Flash Boot Mode
mode:SLOW_RD, clock div:1
load:0x3fce3810,len:0x178c
load:0x403c9700,len:0x4
load:0x403c9704,len:0xcbc
load:0x403cc700,len:0x2da0
entry 0x403c9914
[0;32mI (33) boot: ESP-IDF v5.2.1 2nd stage bootloader[0m
[0;32mI (33) boot: compile time May 22 2024 16:25:09[0m
[0;32mI (33) boot: Multicore bootloader[0m
[0;32mI (36) boot: chip revision: v0.1[0m
[0;32mI (40) boot.esp32s3: Boot SPI Speed : 80MHz[0m
[0;32mI (45) boot.esp32s3: SPI Mode       : SLOW READ[0m
[0;32mI (50) boot.esp32s3: SPI Flash Size : 2MB[0m
[0;32mI (55) boot: Enabling RNG early entropy source...[0m
[0;32mI (60) boot: Partition Table:[0m
[0;32mI (64) boot: ## Label            Usage          Type ST Offset   Length[0m
[0;32mI (71) boot:  0 nvs              WiFi data        01 02 00009000 00006000[0m
[0;32mI (78) boot:  1 phy_init         RF data          01 01 0000f000 00001000[0m
[0;32mI (86) boot:  2 factory          factory app      00 00 00010000 00100000[0m
[0;32mI (93) boot: End of partition table[0m
[0;32mI (98) esp_image: segment 0: paddr=00010020 vaddr=3c020020 size=0dbd4h ( 56276) map[0m
[0;32mI (119) esp_image: segment 1: paddr=0001dbfc vaddr=3fc92000 size=0241ch (  9244) load[0m
[0;32mI (122) esp_image: segment 2: paddr=00020020 vaddr=42000020 size=1a730h (108336) map[0m
[0;32mI (151) esp_image: segment 3: paddr=0003a758 vaddr=3fc9441c size=004b4h (  1204) load[0m
[0;32mI (152) esp_image: segment 4: paddr=0003ac14 vaddr=40374000 size=0dfach ( 57260) load[0m
[0;32mI (178) boot: Loaded app from partition at offset 0x10000[0m
[0;32mI (178) boot: Disabling RNG early entropy source...[0m
[0;32mI (190) cpu_start: Multicore app[0m
[0;32mI (199) cpu_start: Pro cpu start user code[0m
[0;32mI (199) cpu_start: cpu freq: 160000000 Hz[0m
[0;32mI (199) cpu_start: Application information:[0m
[0;32mI (202) cpu_start: Project name:     motor_control_perron[0m
[0;32mI (208) cpu_start: App version:      1[0m
[0;32mI (213) cpu_start: Compile time:     May 22 2024 16:24:29[0m
[0;32mI (219) cpu_start: ELF file SHA256:  13f95a739...[0m
[0;32mI (224) cpu_start: ESP-IDF:          v5.2.1[0m
[0;32mI (229) cpu_start: Min chip rev:     v0.0[0m
[0;32mI (234) cpu_start: Max chip rev:     v0.99 [0m
[0;32mI (238) cpu_start: Chip rev:         v0.1[0m
[0;32mI (243) heap_init: Initializing. RAM available for dynamic allocation:[0m
[0;32mI (250) heap_init: At 3FC951A8 len 00054568 (337 KiB): RAM[0m
[0;32mI (257) heap_init: At 3FCE9710 len 00005724 (21 KiB): RAM[0m
[0;32mI (263) heap_init: At 3FCF0000 len 00008000 (32 KiB): DRAM[0m
[0;32mI (269) heap_init: At 600FE010 len 00001FD8 (7 KiB): RTCRAM[0m
[0;33mW (276) spi_flash: Octal flash chip is using but dio mode is selected, will automatically swich to Octal mode[0m
[0;32mI (286) spi_flash: detected chip: mxic (opi)[0m
[0;32mI (291) spi_flash: flash io: opi_str[0m
[0;33mW (295) spi_flash: Detected size(32768k) larger than the size in the binary image header(2048k). Using the size in the binary image header.[0m
[0;32mI (308) sleep: Configure to isolate all GPIO pins in sleep state[0m
[0;32mI (315) sleep: Enable automatic switching of GPIO sleep configuration[0m
[0;32mI (322) main_task: Started on CPU0[0m
[0;32mI (332) main_task: Calling app_main()[0m
[0;32mI (332) example: install pcnt unit[0m
[0;32mI (332) example: set glitch filter[0m
Guru Meditation Error: Core  1 panic'ed (LoadProhibited). Exception was unhandled.

Core  1 register dump:
PC      : 0x4037bb45  PS      : 0x00060033  A0      : 0x4037aad7  A1      : 0x3fc99c20  
A2      : 0x3fc9a4d0  A3      : 0x00000000  A4      : 0x3fc94b38  A5      : 0x00000002  
A6      : 0x00000001  A7      : 0x00000000  A8      : 0x00000001  A9      : 0x00000032  
A10     : 0x00000000  A11     : 0xffffffff  A12     : 0x00000000  A13     : 0x00060023  
A14     : 0x00000001  A15     : 0x0000abab  SAR     : 0x00000012  EXCCAUSE: 0x0000001c  
EXCVADDR: 0x00000032  LBEG    : 0x00000000  LEND    : 0x00000000  LCOUNT  : 0x00000000  


Backtrace: 0x4037bb42:0x3fc99c20 0x4037aad4:0x3fc99c40 0x4037aaca:0xa5a5a5a5 |<-CORRUPTED




ELF file SHA256: 13f95a739

Rebooting...
ESP-ROM:esp32s3-20210327
Build:Mar 27 2021
rst:0xc (RTC_SW_CPU_RST),boot:0x8 (SPI_FAST_FLASH_BOOT)
Saved PC:0x42007483
SPIWP:0xee
Octal Flash Mode Enabled
For OPI Flash, Use Default Flash Boot Mode
mode:SLOW_RD, clock div:1
load:0x3fce3810,len:0x178c
load:0x403c9700,len:0x4
load:0x403c9704,len:0xcbc
load:0x403cc700,len:0x2da0
entry 0x403c9914
[0;32mI (32) boot: ESP-IDF v5.2.1 2nd stage bootloader[0m
[0;32mI (32) boot: compile time May 22 2024 16:25:09[0m
[0;32mI (33) boot: Multicore bootloader[0m
[0;32mI (36) boot: chip revision: v0.1[0m
[0;32mI (39) boot.esp32s3: Boot SPI Speed : 80MHz[0m
[0;32mI (44) boot.esp32s3: SPI Mode       : SLOW READ[0m
[0;32mI (49) boot.esp32s3: SPI Flash Size : 2MB[0m
[0;32mI (54) boot: Enabling RNG early entropy source...[0m
[0;32mI (60) boot: Partition Table:[0m
[0;32mI (63) boot: ## Label            Usage          Type ST Offset   Length[0m
[0;32mI (70) boot:  0 nvs              WiFi data        01 02 00009000 00006000[0m
[0;32mI (78) boot:  1 phy_init         RF data          01 01 0000f000 00001000[0m
[0;32mI (85) boot:  2 factory          factory app      00 00 00010000 00100000[0m
[0;32mI (93) boot: End of partition table[0m
[0;32mI (97) esp_image: segment 0: paddr=00010020 vaddr=3c020020 size=0dbd4h ( 56276) map[0m
[0;32mI (119) esp_image: segment 1: paddr=0001dbfc vaddr=3fc92000 size=0241ch (  9244) load[0m
[0;32mI (122) esp_image: segment 2: paddr=00020020 vaddr=42000020 size=1a730h (108336) map[0m
[0;32mI (151) esp_image: segment 3: paddr=0003a758 vaddr=3fc9441c size=004b4h (  1204) load[0m
[0;32mI (151) esp_image: segment 4: paddr=0003ac14 vaddr=40374000 size=0dfach ( 57260) load[0m
[0;32mI (178) boot: Loaded app from partition at offset 0x10000[0m
[0;32mI (178) boot: Disabling RNG early entropy source...[0m
[0;32mI (189) cpu_start: Multicore app[0m
[0;32mI (199) cpu_start: Pro cpu start user code[0m
[0;32mI (199) cpu_start: cpu freq: 160000000 Hz[0m
[0;32mI (199) cpu_start: Application information:[0m
[0;32mI (202) cpu_start: Project name:     motor_control_perron[0m
[0;32mI (208) cpu_start: App version:      1[0m
[0;32mI (212) cpu_start: Compile time:     May 22 2024 16:24:29[0m
[0;32mI (218) cpu_start: ELF file SHA256:  13f95a739...[0m
[0;32mI (224) cpu_start: ESP-IDF:          v5.2.1[0m
[0;32mI (229) cpu_start: Min chip rev:     v0.0[0m
[0;32mI (233) cpu_start: Max chip rev:     v0.99 [0m
[0;32mI (238) cpu_start: Chip rev:         v0.1[0m
[0;32mI (243) heap_init: Initializing. RAM available for dynamic allocation:[0m
[0;32mI (250) heap_init: At 3FC951A8 len 00054568 (337 KiB): RAM[0m
[0;32mI (256) heap_init: At 3FCE9710 len 00005724 (21 KiB): RAM[0m
[0;32mI (262) heap_init: At 3FCF0000 len 00008000 (32 KiB): DRAM[0m
[0;32mI (268) heap_init: At 600FE010 len 00001FD8 (7 KiB): RTCRAM[0m
[0;33mW (275) spi_flash: Octal flash chip is using but dio mode is selected, will automatically swich to Octal mode[0m
[0;32mI (285) spi_flash: detected chip: mxic (opi)[0m
[0;32mI (290) spi_flash: flash io: opi_str[0m
[0;33mW (294) spi_flash: Detected size(32768k) larger than the size in the binary image header(2048k). Using the size in the binary image header.[0m
[0;32mI (308) sleep: Configure to isolate all GPIO pins in sleep state[0m
[0;32mI (315) sleep: Enable automatic switching of GPIO sleep configuration[0m
[0;32mI (322) main_task: Started on CPU0[0m
[0;32mI (332) main_task: Calling app_main()[0m
[0;32mI (332) example: install pcnt unit[0m
[0;32mI (332) example: set glitch filter[0m
Guru Meditation Error: Core  1 panic'ed (LoadProhibited). Exception was unhandled.

Core  1 register dump:
PC      : 0x4037bb45  PS      : 0x00060033  A0      : 0x4037aad7  A1      : 0x3fc99c20  
A2      : 0x3fc9a4d0  A3      : 0x00000000  A4      : 0x3fc94b38  A5      : 0x00000002  
A6      : 0x00000001  A7      : 0x00000000  A8      : 0x00000001  A9      : 0x00000032  
A10     : 0x00000000  A11     : 0xffffffff  A12     : 0x00000000  A13     : 0x00060023  
A14     : 0x00000001  A15     : 0x0000abab  SAR     : 0x00000012  EXCCAUSE: 0x0000001c  
EXCVADDR: 0x00000032  LBEG    : 0x00000000  LEND    : 0x00000000  LCOUNT  : 0x00000000  


Backtrace: 0x4037bb42:0x3fc99c20 0x4037aad4:0x3fc99c40 0x4037aaca:0xa5a5a5a5 |<-CORRUPTED




ELF file SHA256: 13f95a739

Rebooting...
ESP-ROM:esp32s3-20210327
Build:Mar 27 2021
rst:0xc (RTC_SW_CPU_RST),boot:0x8 (SPI_FAST_FLASH_BOOT)
Saved PC:0x42007483
SPIWP:0xee
Octal Flash Mode Enabled
For OPI Flash, Use Default Flash Boot Mode
mode:SLOW_RD, clock div:1
load:0x3fce3810,len:0x178c
load:0x403c9700,len:0x4
load:0x403c9704,len:0xcbc
load:0x403cc700,len:0x2da0
entry 0x403c9914
[0;32mI (32) boot: ESP-IDF v5.2.1 2nd stage bootloader[0m
[0;32mI (32) boot: compile time May 22 2024 16:25:09[0m
[0;32mI (33) boot: Multicore bootloader[0m
[0;32mI (36) boot: chip revision: v0.1[0m
[0;32mI (39) boot.esp32s3: Boot SPI Speed : 80MHz[0m
[0;32mI (44) boot.esp32s3: SPI Mode       : SLOW READ[0m
[0;32mI (49) boot.esp32s3: SPI Flash Size : 2MB[0m
[0;32mI (54) boot: Enabling RNG early entropy source...[0m
[0;32mI (60) boot: Partition Table:[0m
[0;32mI (63) boot: ## Label            Usage          Type ST Offset   Length[0m
[0;32mI (70) boot:  0 nvs              WiFi data        01 02 00009000 00006000[0m
[0;32mI (78) boot:  1 phy_init         RF data          01 01 0000f000 00001000[0m
[0;32mI (85) boot:  2 factory          factory app      00 00 00010000 00100000[0m
[0;32mI (93) boot: End of partition table[0m
[0;32mI (97) esp_image: segment 0: paddr=00010020 vaddr=3c020020 size=0dbd4h ( 56276) map[0m
[0;32mI (119) esp_image: segment 1: paddr=0001dbfc vaddr=3fc92000 size=0241ch (  9244) load[0m
[0;32mI (122) esp_image: segment 2: paddr=00020020 vaddr=42000020 size=1a730h (108336) map[0m
[0;32mI (151) esp_image: segment 3: paddr=0003a758 vaddr=3fc9441c size=004b4h (  1204) load[0m
[0;32mI (151) esp_image: segment 4: paddr=0003ac14 vaddr=40374000 size=0dfach ( 57260) load[0m
[0;32mI (178) boot: Loaded app from partition at offset 0x10000[0m
[0;32mI (178) boot: Disabling RNG early entropy source...[0m
[0;32mI (189) cpu_start: Multicore app[0m
[0;32mI (199) cpu_start: Pro cpu start user code[0m
[0;32mI (199) cpu_start: cpu freq: 160000000 Hz[0m
[0;32mI (199) cpu_start: Application information:[0m
[0;32mI (202) cpu_start: Project name:     motor_control_perron[0m
[0;32mI (208) cpu_start: App version:      1[0m
[0;32mI (212) cpu_start: Compile time:     May 22 2024 16:24:29[0m
[0;32mI (218) cpu_start: ELF file SHA256:  13f95a739...[0m
[0;32mI (224) cpu_start: ESP-IDF:          v5.2.1[0m
[0;32mI (229) cpu_start: Min chip rev:     v0.0[0m
[0;32mI (233) cpu_start: Max chip rev:     v0.99 [0m
[0;32mI (238) cpu_start: Chip rev:         v0.1[0m
[0;32mI (243) heap_init: Initializing. RAM available for dynamic allocation:[0m
[0;32mI (250) heap_init: At 3FC951A8 len 00054568 (337 KiB): RAM[0m
[0;32mI (256) heap_init: At 3FCE9710 len 00005724 (21 KiB): RAM[0m
[0;32mI (262) heap_init: At 3FCF0000 len 00008000 (32 KiB): DRAM[0m
[0;32mI (268) heap_init: At 600FE010 len 00001FD8 (7 KiB): RTCRAM[0m
[0;33mW (275) spi_flash: Octal flash chip is using but dio mode is selected, will automatically swich to Octal mode[0m
[0;32mI (285) spi_flash: detected chip: mxic (opi)[0m
[0;32mI (290) spi_flash: flash io: opi_str[0m
[0;33mW (294) spi_flash: Detected size(32768k) larger than the size in the binary image header(2048k). Using the size in the binary image header.[0m
[0;32mI (308) sleep: Configure to isolate all GPIO pins in sleep state[0m
[0;32mI (315) sleep: Enable automatic switching of GPIO sleep configuration[0m
[0;32mI (322) main_task: Started on CPU0[0m
[0;32mI (332) main_task: Calling app_main()[0m
[0;32mI (332) example: install pcnt unit[0m
[0;32mI (332) example: set glitch filter[0m
Guru Meditation Error: Core  1 panic'ed (LoadProhibited). Exception was unhandled.

Core  1 register dump:
PC      : 0x4037bb45  PS      : 0x00060033  A0      : 0x4037aad7  A1      : 0x3fc99c20  
A2      : 0x3fc9a4d0  A3      : 0x00000000  A4      : 0x3fc94b38  A5      : 0x00000002  
A6      : 0x00000001  A7      : 0x00000000  A8      : 0x00000001  A9      : 0x00000032  
A10     : 0x00000000  A11     : 0xffffffff  A12     : 0x00000000  A13     : 0x00060023  
A14     : 0x00000001  A15     : 0x0000abab  SAR     : 0x00000012  EXCCAUSE: 0x0000001c  
EXCVADDR: 0x00000032  LBEG    : 0x00000000  LEND    : 0x00000000  LCOUNT  : 0x00000000  


Backtrace: 0x4037bb42:0x3fc99c20 0x4037aad4:0x3fc99c40 0x4037aaca:0xa5a5a5a5 |<-CORRUPTED




ELF file SHA256: 13f95a739

Rebooting...
ESP-ROM:esp32s3-20210327
Build:Mar 27 2021
rst:0xc (RTC_SW_CPU_RST),boot:0x8 (SPI_FAST_FLASH_BOOT)
Saved PC:0x42007483
SPIWP:0xee
Octal Flash Mode Enabled
For OPI Flash, Use Default Flash Boot Mode
mode:SLOW_RD, clock div:1
load:0x3fce3810,len:0x178c
load:0x403c9700,len:0x4
load:0x403c9704,len:0xcbc
load:0x403cc700,len:0x2da0
entry 0x403c9914
[0;32mI (32) boot: ESP-IDF v5.2.1 2nd stage bootloader[0m
[0;32mI (32) boot: compile time May 22 2024 16:25:09[0m
[0;32mI (33) boot: Multicore bootloader[0m
[0;32mI (36) boot: chip revision: v0.1[0m
[0;32mI (39) boot.esp32s3: Boot SPI Speed : 80MHz[0m
[0;32mI (44) boot.esp32s3: SPI Mode       : SLOW READ[0m
[0;32mI (49) boot.esp32s3: SPI Flash Size : 2MB[0m
[0;32mI (54) boot: Enabling RNG early entropy source...[0m
[0;32mI (60) boot: Partition Table:[0m
[0;32mI (63) boot: ## Label            Usage          Type ST Offset   Length[0m
[0;32mI (70) boot:  0 nvs              WiFi data        01 02 00009000 00006000[0m
[0;32mI (78) boot:  1 phy_init         RF data          01 01 0000f000 00001000[0m
[0;32mI (85) boot:  2 factory          factory app      00 00 00010000 00100000[0m
[0;32mI (93) boot: End of partition table[0m
[0;32mI (97) esp_image: segment 0: paddr=00010020 vaddr=3c020020 size=0dbd4h ( 56276) map[0m
[0;32mI (119) esp_image: segment 1: paddr=0001dbfc vaddr=3fc92000 size=0241ch (  9244) load[0m
[0;32mI (122) esp_image: segment 2: paddr=00020020 vaddr=42000020 size=1a730h (108336) map[0m
[0;32mI (151) esp_image: segment 3: paddr=0003a758 vaddr=3fc9441c size=004b4h (  1204) load[0m
[0;32mI (151) esp_image: segment 4: paddr=0003ac14 vaddr=40374000 size=0dfach ( 57260) load[0m
[0;32mI (178) boot: Loaded app from partition at offset 0x10000[0m
[0;32mI (178) boot: Disabling RNG early entropy source...[0m
[0;32mI (189) cpu_start: Multicore app[0m
[0;32mI (199) cpu_start: Pro cpu start user code[0m
[0;32mI (199) cpu_start: cpu freq: 160000000 Hz[0m
[0;32mI (199) cpu_start: Application information:[0m
[0;32mI (202) cpu_start: Project name:     motor_control_perron[0m
[0;32mI (208) cpu_start: App version:      1[0m
[0;32mI (212) cpu_start: Compile time:     May 22 2024 16:24:29[0m
[0;32mI (218) cpu_start: ELF file SHA256:  13f95a739...[0m
[0;32mI (224) cpu_start: ESP-IDF:          v5.2.1[0m
[0;32mI (229) cpu_start: Min chip rev:     v0.0[0m
[0;32mI (233) cpu_start: Max chip rev:     v0.99 [0m
[0;32mI (238) cpu_start: Chip rev:         v0.1[0m
[0;32mI (243) heap_init: Initializing. RAM available for dynamic allocation:[0m
[0;32mI (250) heap_init: At 3FC951A8 len 00054568 (337 KiB): RAM[0m
[0;32mI (256) heap_init: At 3FCE9710 len 00005724 (21 KiB): RAM[0m
[0;32mI (262) heap_init: At 3FCF0000 len 00008000 (32 KiB): DRAM[0m
[0;32mI (268) heap_init: At 600FE010 len 00001FD8 (7 KiB): RTCRAM[0m
[0;33mW (275) spi_flash: Octal flash chip is using but dio mode is selected, will automatically swich to Octal mode[0m
[0;32mI (285) spi_flash: detected chip: mxic (opi)[0m
[0;32mI (290) spi_flash: flash io: opi_str[0m
[0;33mW (294) spi_flash: Detected size(32768k) larger than the size in the binary image header(2048k). Using the size in the binary image header.[0m
[0;32mI (308) sleep: Configure to isolate all GPIO pins in sleep state[0m
[0;32mI (315) sleep: Enable automatic switching of GPIO sleep configuration[0m
[0;32mI (322) main_task: Started on CPU0[0m
[0;32mI (332) main_task: Calling app_main()[0m
[0;32mI (332) example: install pcnt unit[0m
[0;32mI (332) example: set glitch filter[0m
Guru Meditation Error: Core  1 panic'ed (LoadProhibited). Exception was unhandled.

Core  1 register dump:
PC      : 0x4037bb45  PS      : 0x00060033  A0      : 0x4037aad7  A1      : 0x3fc99c20  
A2      : 0x3fc9a4d0  A3      : 0x00000000  A4      : 0x3fc94b38  A5      : 0x00000002  
A6      : 0x00000001  A7      : 0x00000000  A8      : 0x00000001  A9      : 0x00000032  
A10     : 0x00000000  A11     : 0xffffffff  A12     : 0x00000000  A13     : 0x00060023  
A14     : 0x00000001  A15     : 0x0000abab  SAR     : 0x00000012  EXCCAUSE: 0x0000001c  
EXCVADDR: 0x00000032  LBEG    : 0x00000000  LEND    : 0x00000000  LCOUNT  : 0x00000000  


Backtrace: 0x4037bb42:0x3fc99c20 0x4037aad4:0x3fc99c40 0x4037aaca:0xa5a5a5a5 |<-CORRUPTED




ELF file SHA256: 13f95a739

Rebooting...
ESP-ROM:esp32s3-20210327
Build:Mar 27 2021
rst:0xc (RTC_SW_CPU_RST),boot:0x8 (SPI_FAST_FLASH_BOOT)
Saved PC:0x42007483
SPIWP:0xee
Octal Flash Mode Enabled
For OPI Flash, Use Default Flash Boot Mode
mode:SLOW_RD, clock div:1
load:0x3fce3810,len:0x178c
load:0x403c9700,len:0x4
load:0x403c9704,len:0xcbc
load:0x403cc700,len:0x2da0
entry 0x403c9914
[0;32mI (32) boot: ESP-IDF v5.2.1 2nd stage bootloader[0m
[0;32mI (32) boot: compile time May 22 2024 16:25:09[0m
[0;32mI (33) boot: Multicore bootloader[0m
[0;32mI (36) boot: chip revision: v0.1[0m
[0;32mI (39) boot.esp32s3: Boot SPI Speed : 80MHz[0m
[0;32mI (44) boot.esp32s3: SPI Mode       : SLOW READ[0m
[0;32mI (49) boot.esp32s3: SPI Flash Size : 2MB[0m
[0;32mI (54) boot: Enabling RNG early entropy source...[0m
[0;32mI (60) boot: Partition Table:[0m
[0;32mI (63) boot: ## Label            Usage          Type ST Offset   Length[0m
[0;32mI (70) boot:  0 nvs              WiFi data        01 02 00009000 00006000[0m
[0;32mI (78) boot:  1 phy_init         RF data          01 01 0000f000 00001000[0m
[0;32mI (85) boot:  2 factory          factory app      00 00 00010000 00100000[0m
[0;32mI (93) boot: End of partition table[0m
[0;32mI (97) esp_image: segment 0: paddr=00010020 vaddr=3c020020 size=0dbd4h ( 56276) map[0m
[0;32mI (119) esp_image: segment 1: paddr=0001dbfc vaddr=3fc92000 size=0241ch (  9244) load[0m
[0;32mI (122) esp_image: segment 2: paddr=00020020 vaddr=42000020 size=1a730h (108336) map[0m
[0;32mI (151) esp_image: segment 3: paddr=0003a758 vaddr=3fc9441c size=004b4h (  1204) load[0m
[0;32mI (151) esp_image: segment 4: paddr=0003ac14 vaddr=40374000 size=0dfach ( 57260) load[0m
[0;32mI (178) boot: Loaded app from partition at offset 0x10000[0m
[0;32mI (178) boot: Disabling RNG early entropy source...[0m
[0;32mI (189) cpu_start: Multicore app[0m
[0;32mI (199) cpu_start: Pro cpu start user code[0m
[0;32mI (199) cpu_start: cpu freq: 160000000 Hz[0m
[0;32mI (199) cpu_start: Application information:[0m
[0;32mI (202) cpu_start: Project name:     motor_control_perron[0m
[0;32mI (208) cpu_start: App version:      1[0m
[0;32mI (212) cpu_start: Compile time:     May 22 2024 16:24:29[0m
[0;32mI (218) cpu_start: ELF file SHA256:  13f95a739...[0m
[0;32mI (224) cpu_start: ESP-IDF:          v5.2.1[0m
[0;32mI (229) cpu_start: Min chip rev:     v0.0[0m
[0;32mI (233) cpu_start: Max chip rev:     v0.99 [0m
[0;32mI (238) cpu_start: Chip rev:         v0.1[0m
[0;32mI (243) heap_init: Initializing. RAM available for dynamic allocation:[0m
[0;32mI (250) heap_init: At 3FC951A8 len 00054568 (337 KiB): RAM[0m
[0;32mI (256) heap_init: At 3FCE9710 len 00005724 (21 KiB): RAM[0m
[0;32mI (262) heap_init: At 3FCF0000 len 00008000 (32 KiB): DRAM[0m
[0;32mI (268) heap_init: At 600FE010 len 00001FD8 (7 KiB): RTCRAM[0m
[0;33mW (275) spi_flash: Octal flash chip is using but dio mode is selected, will automatically swich to Octal mode[0m
[0;32mI (285) spi_flash: detected chip: mxic (opi)[0m
[0;32mI (290) spi_flash: flash io: opi_str[0m
[0;33mW (294) spi_flash: Detected size(32768k) larger than the size in the binary image header(2048k). Using the size in the binary image header.[0m
[0;32mI (308) sleep: Configure to isolate all GPIO pins in sleep state[0m
[0;32mI (315) sleep: Enable automatic switching of GPIO sleep configuration[0m
[0;32mI (322) main_task: Started on CPU0[0m
[0;32mI (332) main_task: Calling app_main()[0m
[0;32mI (332) example: install pcnt unit[0m
[0;32mI (332) example: set glitch filter[0m
Guru Meditation Error: Core  1 panic'ed (LoadProhibited). Exception was unhandled.

Core  1 register dump:
PC      : 0x4037bb45  PS      : 0x00060033  A0      : 0x4037aad7  A1      : 0x3fc99c20  
A2      : 0x3fc9a4d0  A3      : 0x00000000  A4      : 0x3fc94b38  A5      : 0x00000002  
A6      : 0x00000001  A7      : 0x00000000  A8      : 0x00000001  A9      : 0x00000032  
A10     : 0x00000000  A11     : 0xffffffff  A12     : 0x00000000  A13     : 0x00060023  
A14     : 0x00000001  A15     : 0x0000abab  SAR     : 0x00000012  EXCCAUSE: 0x0000001c  
EXCVADDR: 0x00000032  LBEG    : 0x00000000  LEND    : 0x00000000  LCOUNT  : 0x00000000  


Backtrace: 0x4037bb42:0x3fc99c20 0x4037aad4:0x3fc99c40 0x4037aaca:0xa5a5a5a5 |<-CORRUPTED




ELF file SHA256: 13f95a739

Rebooting...
ESP-ROM:esp32s3-20210327
Build:Mar 27 2021
rst:0xc (RTC_SW_CPU_RST),boot:0x8 (SPI_FAST_FLASH_BOOT)
Saved PC:0x42007483
SPIWP:0xee
Octal Flash Mode Enabled
For OPI Flash, Use Default Flash Boot Mode
mode:SLOW_RD, clock div:1
load:0x3fce3810,len:0x178c
load:0x403c9700,len:0x4
load:0x403c9704,len:0xcbc
load:0x403cc700,len:0x2da0
entry 0x403c9914
[0;32mI (32) boot: ESP-IDF v5.2.1 2nd stage bootloader[0m
[0;32mI (32) boot: compile time May 22 2024 16:25:09[0m
[0;32mI (33) boot: Multicore bootloader[0m
[0;32mI (36) boot: chip revision: v0.1[0m
[0;32mI (39) boot.esp32s3: Boot SPI Speed : 80MHz[0m
[0;32mI (44) boot.esp32s3: SPI Mode       : SLOW READ[0m
[0;32mI (49) boot.esp32s3: SPI Flash Size : 2MB[0m
[0;32mI (54) boot: Enabling RNG early entropy source...[0m
[0;32mI (60) boot: Partition Table:[0m
[0;32mI (63) boot: ## Label            Usage          Type ST Offset   Length[0m
[0;32mI (70) boot:  0 nvs              WiFi data        01 02 00009000 00006000[0m
[0;32mI (78) boot:  1 phy_init         RF data          01 01 0000f000 00001000[0m
[0;32mI (85) boot:  2 factory          factory app      00 00 00010000 00100000[0m
[0;32mI (93) boot: End of partition table[0m
[0;32mI (97) esp_image: segment 0: paddr=00010020 vaddr=3c020020 size=0dbd4h ( 56276) map[0m
[0;32mI (119) esp_image: segment 1: paddr=0001dbfc vaddr=3fc92000 size=0241ch (  9244) load[0m
[0;32mI (122) esp_image: segment 2: paddr=00020020 vaddr=42000020 size=1a730h (108336) map[0m
[0;32mI (151) esp_image: segment 3: paddr=0003a758 vaddr=3fc9441c size=004b4h (  1204) load[0m
[0;32mI (151) esp_image: segment 4: paddr=0003ac14 vaddr=40374000 size=0dfach ( 57260) load[0m
[0;32mI (178) boot: Loaded app from partition at offset 0x10000[0m
[0;32mI (178) boot: Disabling RNG early entropy source...[0m
[0;32mI (189) cpu_start: Multicore app[0m
[0;32mI (199) cpu_start: Pro cpu start user code[0m
[0;32mI (199) cpu_start: cpu freq: 160000000 Hz[0m
[0;32mI (199) cpu_start: Application information:[0m
[0;32mI (202) cpu_start: Project name:     motor_control_perron[0m
[0;32mI (208) cpu_start: App version:      1[0m
[0;32mI (212) cpu_start: Compile time:     May 22 2024 16:24:29[0m
[0;32mI (218) cpu_start: ELF file SHA256:  13f95a739...[0m
[0;32mI (224) cpu_start: ESP-IDF:          v5.2.1[0m
[0;32mI (229) cpu_start: Min chip rev:     v0.0[0m
[0;32mI (233) cpu_start: Max chip rev:     v0.99 [0m
[0;32mI (238) cpu_start: Chip rev:         v0.1[0m
[0;32mI (243) heap_init: Initializing. RAM available for dynamic allocation:[0m
[0;32mI (250) heap_init: At 3FC951A8 len 00054568 (337 KiB): RAM[0m
[0;32mI (256) heap_init: At 3FCE9710 len 00005724 (21 KiB): RAM[0m
[0;32mI (262) heap_init: At 3FCF0000 len 00008000 (32 KiB): DRAM[0m
[0;32mI (268) heap_init: At 600FE010 len 00001FD8 (7 KiB): RTCRAM[0m
[0;33mW (275) spi_flash: Octal flash chip is using but dio mode is selected, will automatically swich to Octal mode[0m
[0;32mI (285) spi_flash: detected chip: mxic (opi)[0m
[0;32mI (290) spi_flash: flash io: opi_str[0m
[0;33mW (294) spi_flash: Detected size(32768k) larger than the size in the binary image header(2048k). Using the size in the binary image header.[0m
[0;32mI (308) sleep: Configure to isolate all GPIO pins in sleep state[0m
[0;32mI (315) sleep: Enable automatic switching of GPIO sleep configuration[0m
[0;32mI (322) main_task: Started on CPU0[0m
[0;32mI (332) main_task: Calling app_main()[0m
[0;32mI (332) example: install pcnt unit[0m
[0;32mI (332) example: set glitch filter[0m
Guru Meditation Error: Core  1 panic'ed (LoadProhibited). Exception was unhandled.

Core  1 register dump:
PC      : 0x4037bb45  PS      : 0x00060033  A0      : 0x4037aad7  A1      : 0x3fc99c20  
A2      : 0x3fc9a4d0  A3      : 0x00000000  A4      : 0x3fc94b38  A5      : 0x00000002  
A6      : 0x00000001  A7      : 0x00000000  A8      : 0x00000001  A9      : 0x00000032  
A10     : 0x00000000  A11     : 0xffffffff  A12     : 0x00000000  A13     : 0x00060023  
A14     : 0x00000001  A15     : 0x0000abab  SAR     : 0x00000012  EXCCAUSE: 0x0000001c  
EXCVADDR: 0x00000032  LBEG    : 0x00000000  LEND    : 0x00000000  LCOUNT  : 0x00000000  


Backtrace: 0x4037bb42:0x3fc99c20 0x4037aad4:0x3fc99c40 0x4037aaca:0xa5a5a5a5 |<-CORRUPTED




ELF file SHA256: 13f95a739

Rebooting...
ESP-ROM:esp32s3-20210327
Build:Mar 27 2021
rst:0xc (RTC_SW_CPU_RST),boot:0x8 (SPI_FAST_FLASH_BOOT)
Saved PC:0x42007483
SPIWP:0xee
Octal Flash Mode Enabled
For OPI Flash, Use Default Flash Boot Mode
mode:SLOW_RD, clock div:1
load:0x3fce3810,len:0x178c
load:0x403c9700,len:0x4
load:0x403c9704,len:0xcbc
load:0x403cc700,len:0x2da0
entry 0x403c9914
[0;32mI (32) boot: ESP-IDF v5.2.1 2nd stage bootloader[0m
[0;32mI (32) boot: compile time May 22 2024 16:25:09[0m
[0;32mI (33) boot: Multicore bootloader[0m
[0;32mI (36) boot: chip revision: v0.1[0m
[0;32mI (39) boot.esp32s3: Boot SPI Speed : 80MHz[0m
[0;32mI (44) boot.esp32s3: SPI Mode       : SLOW READ[0m
[0;32mI (49) boot.esp32s3: SPI Flash Size : 2MB[0m
[0;32mI (54) boot: Enabling RNG early entropy source...[0m
[0;32mI (60) boot: Partition Table:[0m
[0;32mI (63) boot: ## Label            Usage          Type ST Offset   Length[0m
[0;32mI (70) boot:  0 nvs              WiFi data        01 02 00009000 00006000[0m
[0;32mI (78) boot:  1 phy_init         RF data          01 01 0000f000 00001000[0m
[0;32mI (85) boot:  2 factory          factory app      00 00 00010000 00100000[0m
[0;32mI (93) boot: End of partition table[0m
[0;32mI (97) esp_image: segment 0: paddr=00010020 vaddr=3c020020 size=0dbd4h ( 56276) map[0m
[0;32mI (119) esp_image: segment 1: paddr=0001dbfc vaddr=3fc92000 size=0241ch (  9244) load[0m
[0;32mI (122) esp_image: segment 2: paddr=00020020 vaddr=42000020 size=1a730h (108336) map[0m
[0;32mI (151) esp_image: segment 3: paddr=0003a758 vaddr=3fc9441c size=004b4h (  1204) load[0m
[0;32mI (151) esp_image: segment 4: paddr=0003ac14 vaddr=40374000 size=0dfach ( 57260) load[0m
[0;32mI (178) boot: Loaded app from partition at offset 0x10000[0m
[0;32mI (178) boot: Disabling RNG early entropy source...[0m
[0;32mI (189) cpu_start: Multicore app[0m
[0;32mI (199) cpu_start: Pro cpu start user code[0m
[0;32mI (199) cpu_start: cpu freq: 160000000 Hz[0m
[0;32mI (199) cpu_start: Application information:[0m
[0;32mI (202) cpu_start: Project name:     motor_control_perron[0m
[0;32mI (208) cpu_start: App version:      1[0m
[0;32mI (212) cpu_start: Compile time:     May 22 2024 16:24:29[0m
[0;32mI (218) cpu_start: ELF file SHA256:  13f95a739...[0m
[0;32mI (224) cpu_start: ESP-IDF:          v5.2.1[0m
[0;32mI (229) cpu_start: Min chip rev:     v0.0[0m
[0;32mI (233) cpu_start: Max chip rev:     v0.99 [0m
[0;32mI (238) cpu_start: Chip rev:         v0.1[0m
[0;32mI (243) heap_init: Initializing. RAM available for dynamic allocation:[0m
[0;32mI (250) heap_init: At 3FC951A8 len 00054568 (337 KiB): RAM[0m
[0;32mI (256) heap_init: At 3FCE9710 len 00005724 (21 KiB): RAM[0m
[0;32mI (262) heap_init: At 3FCF0000 len 00008000 (32 KiB): DRAM[0m
[0;32mI (268) heap_init: At 600FE010 len 00001FD8 (7 KiB): RTCRAM[0m
[0;33mW (275) spi_flash: Octal flash chip is using but dio mode is selected, will automatically swich to Octal mode[0m
[0;32mI (285) spi_flash: detected chip: mxic (opi)[0m
[0;32mI (290) spi_flash: flash io: opi_str[0m
[0;33mW (294) spi_flash: Detected size(32768k) larger than the size in the binary image header(2048k). Using the size in the binary image header.[0m
[0;32mI (308) sleep: Configure to isolate all GPIO pins in sleep state[0m
[0;32mI (315) sleep: Enable automatic switching of GPIO sleep configuration[0m
[0;32mI (322) main_task: Started on CPU0[0m
[0;32mI (332) main_task: Calling app_main()[0m
[0;32mI (332) example: install pcnt unit[0m
[0;32mI (332) example: set glitch filter[0m
Guru Meditation Error: Core  1 panic'ed (LoadProhibited). Exception was unhandled.

Core  1 register dump:
PC      : 0x4037bb45  PS      : 0x00060033  A0      : 0x4037aad7  A1      : 0x3fc99c20  
A2      : 0x3fc9a4d0  A3      : 0x00000000  A4      : 0x3fc94b38  A5      : 0x00000002  
A6      : 0x00000001  A7      : 0x00000000  A8      : 0x00000001  A9      : 0x00000032  
A10     : 0x00000000  A11     : 0xffffffff  A12     : 0x00000000  A13     : 0x00060023  
A14     : 0x00000001  A15     : 0x0000abab  SAR     : 0x00000012  EXCCAUSE: 0x0000001c  
EXCVADDR: 0x00000032  LBEG    : 0x00000000  LEND    : 0x00000000  LCOUNT  : 0x00000000  


Backtrace: 0x4037bb42:0x3fc99c20 0x4037aad4:0x3fc99c40 0x4037aaca:0xa5a5a5a5 |<-CORRUPTED




ELF file SHA256: 13f95a739

Rebooting...
ESP-ROM:esp32s3-20210327
Build:Mar 27 2021
rst:0xc (RTC_SW_CPU_RST),boot:0x8 (SPI_FAST_FLASH_BOOT)
Saved PC:0x42007483
SPIWP:0xee
Octal Flash Mode Enabled
For OPI Flash, Use Default Flash Boot Mode
mode:SLOW_RD, clock div:1
load:0x3fce3810,len:0x178c
load:0x403c9700,len:0x4
load:0x403c9704,len:0xcbc
load:0x403cc700,len:0x2da0
entry 0x403c9914
[0;32mI (32) boot: ESP-IDF v5.2.1 2nd stage bootloader[0m
[0;32mI (32) boot: compile time May 22 2024 16:25:09[0m
[0;32mI (33) boot: Multicore bootloader[0m
[0;32mI (36) boot: chip revision: v0.1[0m
[0;32mI (39) boot.esp32s3: Boot SPI Speed : 80MHz[0m
[0;32mI (44) boot.esp32s3: SPI Mode       : SLOW READ[0m
[0;32mI (49) boot.esp32s3: SPI Flash Size : 2MB[0m
[0;32mI (54) boot: Enabling RNG early entropy source...[0m
[0;32mI (60) boot: Partition Table:[0m
[0;32mI (63) boot: ## Label            Usage          Type ST Offset   Length[0m
[0;32mI (70) boot:  0 nvs              WiFi data        01 02 00009000 00006000[0m
[0;32mI (78) boot:  1 phy_init         RF data          01 01 0000f000 00001000[0m
[0;32mI (85) boot:  2 factory          factory app      00 00 00010000 00100000[0m
[0;32mI (93) boot: End of partition table[0m
[0;32mI (97) esp_image: segment 0: paddr=00010020 vaddr=3c020020 size=0dbd4h ( 56276) map[0m
[0;32mI (119) esp_image: segment 1: paddr=0001dbfc vaddr=3fc92000 size=0241ch (  9244) load[0m
[0;32mI (122) esp_image: segment 2: paddr=00020020 vaddr=42000020 size=1a730h (108336) map[0m
[0;32mI (151) esp_image: segment 3: paddr=0003a758 vaddr=3fc9441c size=004b4h (  1204) load[0m
[0;32mI (151) esp_image: segment 4: paddr=0003ac14 vaddr=40374000 size=0dfach ( 57260) load[0m
[0;32mI (178) boot: Loaded app from partition at offset 0x10000[0m
[0;32mI (178) boot: Disabling RNG early entropy source...[0m
[0;32mI (189) cpu_start: Multicore app[0m
[0;32mI (199) cpu_start: Pro cpu start user code[0m
[0;32mI (199) cpu_start: cpu freq: 160000000 Hz[0m
[0;32mI (199) cpu_start: Application information:[0m
[0;32mI (202) cpu_start: Project name:     motor_control_perron[0m
[0;32mI (208) cpu_start: App version:      1[0m
[0;32mI (212) cpu_start: Compile time:     May 22 2024 16:24:29[0m
[0;32mI (218) cpu_start: ELF file SHA256:  13f95a739...[0m
[0;32mI (224) cpu_start: ESP-IDF:          v5.2.1[0m
[0;32mI (229) cpu_start: Min chip rev:     v0.0[0m
[0;32mI (233) cpu_start: Max chip rev:     v0.99 [0m
[0;32mI (238) cpu_start: Chip rev:         v0.1[0m
[0;32mI (243) heap_init: Initializing. RAM available for dynamic allocation:[0m
[0;32mI (250) heap_init: At 3FC951A8 len 00054568 (337 KiB): RAM[0m
[0;32mI (256) heap_init: At 3FCE9710 len 00005724 (21 KiB): RAM[0m
[0;32mI (262) heap_init: At 3FCF0000 len 00008000 (32 KiB): DRAM[0m
[0;32mI (268) heap_init: At 600FE010 len 00001FD8 (7 KiB): RTCRAM[0m
[0;33mW (275) spi_flash: Octal flash chip is using but dio mode is selected, will automatically swich to Octal mode[0m
[0;32mI (285) spi_flash: detected chip: mxic (opi)[0m
[0;32mI (290) spi_flash: flash io: opi_str[0m
[0;33mW (294) spi_flash: Detected size(32768k) larger than the size in the binary image header(2048k). Using the size in the binary image header.[0m
[0;32mI (308) sleep: Configure to isolate all GPIO pins in sleep state[0m
[0;32mI (315) sleep: Enable automatic switching of GPIO sleep configuration[0m
[0;32mI (322) main_task: Started on CPU0[0m
[0;32mI (332) main_task: Calling app_main()[0m
[0;32mI (332) example: install pcnt unit[0m
[0;32mI (332) example: set glitch filter[0m
Guru Meditation Error: Core  1 panic'ed (LoadProhibited). Exception was unhandled.

Core  1 register dump:
PC      : 0x4037bb45  PS      : 0x00060033  A0      : 0x4037aad7  A1      : 0x3fc99c20  
A2      : 0x3fc9a4d0  A3      : 0x00000000  A4      : 0x3fc94b38  A5      : 0x00000002  
A6      : 0x00000001  A7      : 0x00000000  A8      : 0x00000001  A9      : 0x00000032  
A10     : 0x00000000  A11     : 0xffffffff  A12     : 0x00000000  A13     : 0x00060023  
A14     : 0x00000001  A15     : 0x0000abab  SAR     : 0x00000012  EXCCAUSE: 0x0000001c  
EXCVADDR: 0x00000032  LBEG    : 0x00000000  LEND    : 0x00000000  LCOUNT  : 0x00000000  


Backtrace: 0x4037bb42:0x3fc99c20 0x4037aad4:0x3fc99c40 0x4037aaca:0xa5a5a5a5 |<-CORRUPTED




ELF file SHA256: 13f95a739

Rebooting...
ESP-ROM:esp32s3-20210327
Build:Mar 27 2021
rst:0xc (RTC_SW_CPU_RST),boot:0x8 (SPI_FAST_FLASH_BOOT)
Saved PC:0x42007483
SPIWP:0xee
Octal Flash Mode Enabled
For OPI Flash, Use Default Flash Boot Mode
mode:SLOW_RD, clock div:1
load:0x3fce3810,len:0x178c
load:0x403c9700,len:0x4
load:0x403c9704,len:0xcbc
load:0x403cc700,len:0x2da0
entry 0x403c9914
[0;32mI (32) boot: ESP-IDF v5.2.1 2nd stage bootloader[0m
[0;32mI (32) boot: compile time May 22 2024 16:25:09[0m
[0;32mI (33) boot: Multicore bootloader[0m
[0;32mI (36) boot: chip revision: v0.1[0m
[0;32mI (39) boot.esp32s3: Boot SPI Speed : 80MHz[0m
[0;32mI (44) boot.esp32s3: SPI Mode       : SLOW READ[0m
[0;32mI (49) boot.esp32s3: SPI Flash Size : 2MB[0m
[0;32mI (54) boot: Enabling RNG early entropy source...[0m
[0;32mI (60) boot: Partition Table:[0m
[0;32mI (63) boot: ## Label            Usage          Type ST Offset   Length[0m
[0;32mI (70) boot:  0 nvs              WiFi data        01 02 00009000 00006000[0m
[0;32mI (78) boot:  1 phy_init         RF data          01 01 0000f000 00001000[0m
[0;32mI (85) boot:  2 factory          factory app      00 00 00010000 00100000[0m
[0;32mI (93) boot: End of partition table[0m
[0;32mI (97) esp_image: segment 0: paddr=00010020 vaddr=3c020020 size=0dbd4h ( 56276) map[0m
[0;32mI (119) esp_image: segment 1: paddr=0001dbfc vaddr=3fc92000 size=0241ch (  9244) load[0m
[0;32mI (122) esp_image: segment 2: paddr=00020020 vaddr=42000020 size=1a730h (108336) map[0m
[0;32mI (151) esp_image: segment 3: paddr=0003a758 vaddr=3fc9441c size=004b4h (  1204) load[0m
[0;32mI (151) esp_image: segment 4: paddr=0003ac14 vaddr=40374000 size=0dfach ( 57260) load[0m
[0;32mI (178) boot: Loaded app from partition at offset 0x10000[0m
[0;32mI (178) boot: Disabling RNG early entropy source...[0m
[0;32mI (189) cpu_start: Multicore app[0m
[0;32mI (199) cpu_start: Pro cpu start user code[0m
[0;32mI (199) cpu_start: cpu freq: 160000000 Hz[0m
[0;32mI (199) cpu_start: Application information:[0m
[0;32mI (202) cpu_start: Project name:     motor_control_perron[0m
[0;32mI (208) cpu_start: App version:      1[0m
[0;32mI (212) cpu_start: Compile time:     May 22 2024 16:24:29[0m
[0;32mI (218) cpu_start: ELF file SHA256:  13f95a739...[0m
[0;32mI (224) cpu_start: ESP-IDF:          v5.2.1[0m
[0;32mI (229) cpu_start: Min chip rev:     v0.0[0m
[0;32mI (233) cpu_start: Max chip rev:     v0.99 [0m
[0;32mI (238) cpu_start: Chip rev:         v0.1[0m
[0;32mI (243) heap_init: Initializing. RAM available for dynamic allocation:[0m
[0;32mI (250) heap_init: At 3FC951A8 len 00054568 (337 KiB): RAM[0m
[0;32mI (256) heap_init: At 3FCE9710 len 00005724 (21 KiB): RAM[0m
[0;32mI (262) heap_init: At 3FCF0000 len 00008000 (32 KiB): DRAM[0m
[0;32mI (268) heap_init: At 600FE010 len 00001FD8 (7 KiB): RTCRAM[0m
[0;33mW (275) spi_flash: Octal flash chip is using but dio mode is selected, will automatically swich to Octal mode[0m
[0;32mI (285) spi_flash: detected chip: mxic (opi)[0m
[0;32mI (290) spi_flash: flash io: opi_str[0m
[0;33mW (294) spi_flash: Detected size(32768k) larger than the size in the binary image header(2048k). Using the size in the binary image header.[0m
[0;32mI (308) sleep: Configure to isolate all GPIO pins in sleep state[0m
[0;32mI (315) sleep: Enable automatic switching of GPIO sleep configuration[0m
[0;32mI (322) main_task: Started on CPU0[0m
[0;32mI (332) main_task: Calling app_main()[0m
[0;32mI (332) example: install pcnt unit[0m
[0;32mI (332) example: set glitch filter[0m
Guru Meditation Error: Core  1 panic'ed (LoadProhibited). Exception was unhandled.

Core  1 register dump:
PC      : 0x4037bb45  PS      : 0x00060033  A0      : 0x4037aad7  A1      : 0x3fc99c20  
A2      : 0x3fc9a4d0  A3      : 0x00000000  A4      : 0x3fc94b38  A5      : 0x00000002  
A6      : 0x00000001  A7      : 0x00000000  A8      : 0x00000001  A9      : 0x00000032  
A10     : 0x00000000  A11     : 0xffffffff  A12     : 0x00000000  A13     : 0x00060023  
A14     : 0x00000001  A15     : 0x0000abab  SAR     : 0x00000012  EXCCAUSE: 0x0000001c  
EXCVADDR: 0x00000032  LBEG    : 0x00000000  LEND    : 0x00000000  LCOUNT  : 0x00000000  


Backtrace: 0x4037bb42:0x3fc99c20 0x4037aad4:0x3fc99c40 0x4037aaca:0xa5a5a5a5 |<-CORRUPTED




ELF file SHA256: 13f95a739

Rebooting...
ESP-ROM:esp32s3-20210327
Build:Mar 27 2021
rst:0xc (RTC_SW_CPU_RST),boot:0x8 (SPI_FAST_FLASH_BOOT)
Saved PC:0x42007483
SPIWP:0xee
Octal Flash Mode Enabled
For OPI Flash, Use Default Flash Boot Mode
mode:SLOW_RD, clock div:1
load:0x3fce3810,len:0x178c
load:0x403c9700,len:0x4
load:0x403c9704,len:0xcbc
load:0x403cc700,len:0x2da0
entry 0x403c9914
[0;32mI (32) boot: ESP-IDF v5.2.1 2nd stage bootloader[0m
[0;32mI (32) boot: compile time May 22 2024 16:25:09[0m
[0;32mI (33) boot: Multicore bootloader[0m
[0;32mI (36) boot: chip revision: v0.1[0m
[0;32mI (39) boot.esp32s3: Boot SPI Speed : 80MHz[0m
[0;32mI (44) boot.esp32s3: SPI Mode       : SLOW READ[0m
[0;32mI (49) boot.esp32s3: SPI Flash Size : 2MB[0m
[0;32mI (54) boot: Enabling RNG early entropy source...[0m
[0;32mI (60) boot: Partition Table:[0m
[0;32mI (63) boot: ## Label            Usage          Type ST Offset   Length[0m
[0;32mI (70) boot:  0 nvs              WiFi data        01 02 00009000 00006000[0m
[0;32mI (78) boot:  1 phy_init         RF data          01 01 0000f000 00001000[0m
[0;32mI (85) boot:  2 factory          factory app      00 00 00010000 00100000[0m
[0;32mI (93) boot: End of partition table[0m
[0;32mI (97) esp_image: segment 0: paddr=00010020 vaddr=3c020020 size=0dbd4h ( 56276) map[0m
[0;32mI (119) esp_image: segment 1: paddr=0001dbfc vaddr=3fc92000 size=0241ch (  9244) load[0m
[0;32mI (122) esp_image: segment 2: paddr=00020020 vaddr=42000020 size=1a730h (108336) map[0m
[0;32mI (151) esp_image: segment 3: paddr=0003a758 vaddr=3fc9441c size=004b4h (  1204) load[0m
[0;32mI (151) esp_image: segment 4: paddr=0003ac14 vaddr=40374000 size=0dfach ( 57260) load[0m
[0;32mI (178) boot: Loaded app from partition at offset 0x10000[0m
[0;32mI (178) boot: Disabling RNG early entropy source...[0m
[0;32mI (189) cpu_start: Multicore app[0m
[0;32mI (199) cpu_start: Pro cpu start user code[0m
[0;32mI (199) cpu_start: cpu freq: 160000000 Hz[0m
[0;32mI (199) cpu_start: Application information:[0m
[0;32mI (202) cpu_start: Project name:     motor_control_perron[0m
[0;32mI (208) cpu_start: App version:      1[0m
[0;32mI (212) cpu_start: Compile time:     May 22 2024 16:24:29[0m
[0;32mI (218) cpu_start: ELF file SHA256:  13f95a739...[0m
[0;32mI (224) cpu_start: ESP-IDF:          v5.2.1[0m
[0;32mI (229) cpu_start: Min chip rev:     v0.0[0m
[0;32mI (233) cpu_start: Max chip rev:     v0.99 [0m
[0;32mI (238) cpu_start: Chip rev:         v0.1[0m
[0;32mI (243) heap_init: Initializing. RAM available for dynamic allocation:[0m
[0;32mI (250) heap_init: At 3FC951A8 len 00054568 (337 KiB): RAM[0m
[0;32mI (256) heap_init: At 3FCE9710 len 00005724 (21 KiB): RAM[0m
[0;32mI (262) heap_init: At 3FCF0000 len 00008000 (32 KiB): DRAM[0m
[0;32mI (268) heap_init: At 600FE010 len 00001FD8 (7 KiB): RTCRAM[0m
[0;33mW (275) spi_flash: Octal flash chip is using but dio mode is selected, will automatically swich to Octal mode[0m
[0;32mI (285) spi_flash: detected chip: mxic (opi)[0m
[0;32mI (290) spi_flash: flash io: opi_str[0m
[0;33mW (294) spi_flash: Detected size(32768k) larger than the size in the binary image header(2048k). Using the size in the binary image header.[0m
[0;32mI (308) sleep: Configure to isolate all GPIO pins in sleep state[0m
[0;32mI (315) sleep: Enable automatic switching of GPIO sleep configuration[0m
[0;32mI (322) main_task: Started on CPU0[0m
[0;32mI (332) main_task: Calling app_main()[0m
[0;32mI (332) example: install pcnt unit[0m
[0;32mI (332) example: set glitch filter[0m
Guru Meditation Error: Core  1 panic'ed (LoadProhibited). Exception was unhandled.

Core  1 register dump:
PC      : 0x4037bb45  PS      : 0x00060033  A0      : 0x4037aad7  A1      : 0x3fc99c20  
A2      : 0x3fc9a4d0  A3      : 0x00000000  A4      : 0x3fc94b38  A5      : 0x00000002  
A6      : 0x00000001  A7      : 0x00000000  A8      : 0x00000001  A9      : 0x00000032  
A10     : 0x00000000  A11     : 0xffffffff  A12     : 0x00000000  A13     : 0x00060023  
A14     : 0x00000001  A15     : 0x0000abab  SAR     : 0x00000012  EXCCAUSE: 0x0000001c  
EXCVADDR: 0x00000032  LBEG    : 0x00000000  LEND    : 0x00000000  LCOUNT  : 0x00000000  


Backtrace: 0x4037bb42:0x3fc99c20 0x4037aad4:0x3fc99c40 0x4037aaca:0xa5a5a5a5 |<-CORRUPTED




ELF file SHA256: 13f95a739

Rebooting...
ESP-ROM:esp32s3-20210327
Build:Mar 27 2021
rst:0xc (RTC_SW_CPU_RST),boot:0x8 (SPI_FAST_FLASH_BOOT)
Saved PC:0x42007483
SPIWP:0xee
Octal Flash Mode Enabled
For OPI Flash, Use Default Flash Boot Mode
mode:SLOW_RD, clock div:1
load:0x3fce3810,len:0x178c
load:0x403c9700,len:0x4
load:0x403c9704,len:0xcbc
load:0x403cc700,len:0x2da0
entry 0x403c9914
[0;32mI (32) boot: ESP-IDF v5.2.1 2nd stage bootloader[0m
[0;32mI (32) boot: compile time May 22 2024 16:25:09[0m
[0;32mI (33) boot: Multicore bootloader[0m
[0;32mI (36) boot: chip revision: v0.1[0m
[0;32mI (39) boot.esp32s3: Boot SPI Speed : 80MHz[0m
[0;32mI (44) boot.esp32s3: SPI Mode       : SLOW READ[0m
[0;32mI (49) boot.esp32s3: SPI Flash Size : 2MB[0m
[0;32mI (54) boot: Enabling RNG early entropy source...[0m
[0;32mI (60) boot: Partition Table:[0m
[0;32mI (63) boot: ## Label            Usage          Type ST Offset   Length[0m
[0;32mI (70) boot:  0 nvs              WiFi data        01 02 00009000 00006000[0m
[0;32mI (78) boot:  1 phy_init         RF data          01 01 0000f000 00001000[0m
[0;32mI (85) boot:  2 factory          factory app      00 00 00010000 00100000[0m
[0;32mI (93) boot: End of partition table[0m
[0;32mI (97) esp_image: segment 0: paddr=00010020 vaddr=3c020020 size=0dbd4h ( 56276) map[0m
[0;32mI (119) esp_image: segment 1: paddr=0001dbfc vaddr=3fc92000 size=0241ch (  9244) load[0m
[0;32mI (122) esp_image: segment 2: paddr=00020020 vaddr=42000020 size=1a730h (108336) map[0m
[0;32mI (151) esp_image: segment 3: paddr=0003a758 vaddr=3fc9441c size=004b4h (  1204) load[0m
[0;32mI (151) esp_image: segment 4: paddr=0003ac14 vaddr=40374000 size=0dfach ( 57260) load[0m
[0;32mI (178) boot: Loaded app from partition at offset 0x10000[0m
[0;32mI (178) boot: Disabling RNG early entropy source...[0m
[0;32mI (189) cpu_start: Multicore app[0m
[0;32mI (199) cpu_start: Pro cpu start user code[0m
[0;32mI (199) cpu_start: cpu freq: 160000000 Hz[0m
[0;32mI (199) cpu_start: Application information:[0m
[0;32mI (202) cpu_start: Project name:     motor_control_perron[0m
[0;32mI (208) cpu_start: App version:      1[0m
[0;32mI (212) cpu_start: Compile time:     May 22 2024 16:24:29[0m
[0;32mI (218) cpu_start: ELF file SHA256:  13f95a739...[0m
[0;32mI (224) cpu_start: ESP-IDF:          v5.2.1[0m
[0;32mI (229) cpu_start: Min chip rev:     v0.0[0m
[0;32mI (233) cpu_start: Max chip rev:     v0.99 [0m
[0;32mI (238) cpu_start: Chip rev:         v0.1[0m
[0;32mI (243) heap_init: Initializing. RAM available for dynamic allocation:[0m
[0;32mI (250) heap_init: At 3FC951A8 len 00054568 (337 KiB): RAM[0m
[0;32mI (256) heap_init: At 3FCE9710 len 00005724 (21 KiB): RAM[0m
[0;32mI (262) heap_init: At 3FCF0000 len 00008000 (32 KiB): DRAM[0m
[0;32mI (268) heap_init: At 600FE010 len 00001FD8 (7 KiB): RTCRAM[0m
[0;33mW (275) spi_flash: Octal flash chip is using but dio mode is selected, will automatically swich to Octal mode[0m
[0;32mI (285) spi_flash: detected chip: mxic (opi)[0m
[0;32mI (290) spi_flash: flash io: opi_str[0m
[0;33mW (294) spi_flash: Detected size(32768k) larger than the size in the binary image header(2048k). Using the size in the binary image header.[0m
[0;32mI (308) sleep: Configure to isolate all GPIO pins in sleep state[0m
[0;32mI (315) sleep: Enable automatic switching of GPIO sleep configuration[0m
[0;32mI (322) main_task: Started on CPU0[0m
[0;32mI (332) main_task: Calling app_main()[0m
[0;32mI (332) example: install pcnt unit[0m
[0;32mI (332) example: set glitch filter[0m
Guru Meditation Error: Core  1 panic'ed (LoadProhibited). Exception was unhandled.

Core  1 register dump:
PC      : 0x4037bb45  PS      : 0x00060033  A0      : 0x4037aad7  A1      : 0x3fc99c20  
A2      : 0x3fc9a4d0  A3      : 0x00000000  A4      : 0x3fc94b38  A5      : 0x00000002  
A6      : 0x00000001  A7      : 0x00000000  A8      : 0x00000001  A9      : 0x00000032  
A10     : 0x00000000  A11     : 0xffffffff  A12     : 0x00000000  A13     : 0x00060023  
A14     : 0x00000001  A15     : 0x0000abab  SAR     : 0x00000012  EXCCAUSE: 0x0000001c  
EXCVADDR: 0x00000032  LBEG    : 0x00000000  LEND    : 0x00000000  LCOUNT  : 0x00000000  


Backtrace: 0x4037bb42:0x3fc99c20 0x4037aad4:0x3fc99c40 0x4037aaca:0xa5a5a5a5 |<-CORRUPTED




ELF file SHA256: 13f95a739

Rebooting...
ESP-ROM:esp32s3-20210327
Build:Mar 27 2021
rst:0xc (RTC_SW_CPU_RST),boot:0x8 (SPI_FAST_FLASH_BOOT)
Saved PC:0x42007483
SPIWP:0xee
Octal Flash Mode Enabled
For OPI Flash, Use Default Flash Boot Mode
mode:SLOW_RD, clock div:1
load:0x3fce3810,len:0x178c
load:0x403c9700,len:0x4
load:0x403c9704,len:0xcbc
load:0x403cc700,len:0x2da0
entry 0x403c9914
[0;32mI (32) boot: ESP-IDF v5.2.1 2nd stage bootloader[0m
[0;32mI (32) boot: compile time May 22 2024 16:25:09[0m
[0;32mI (33) boot: Multicore bootloader[0m
[0;32mI (36) boot: chip revision: v0.1[0m
[0;32mI (39) boot.esp32s3: Boot SPI Speed : 80MHz[0m
[0;32mI (44) boot.esp32s3: SPI Mode       : SLOW READ[0m
[0;32mI (49) boot.esp32s3: SPI Flash Size : 2MB[0m
[0;32mI (54) boot: Enabling RNG early entropy source...[0m
[0;32mI (60) boot: Partition Table:[0m
[0;32mI (63) boot: ## Label            Usage          Type ST Offset   Length[0m
[0;32mI (70) boot:  0 nvs              WiFi data        01 02 00009000 00006000[0m
[0;32mI (78) boot:  1 phy_init         RF data          01 01 0000f000 00001000[0m
[0;32mI (85) boot:  2 factory          factory app      00 00 00010000 00100000[0m
[0;32mI (93) boot: End of partition table[0m
[0;32mI (97) esp_image: segment 0: paddr=00010020 vaddr=3c020020 size=0dbd4h ( 56276) map[0m
[0;32mI (119) esp_image: segment 1: paddr=0001dbfc vaddr=3fc92000 size=0241ch (  9244) load[0m
[0;32mI (122) esp_image: segment 2: paddr=00020020 vaddr=42000020 size=1a730h (108336) map[0m
[0;32mI (151) esp_image: segment 3: paddr=0003a758 vaddr=3fc9441c size=004b4h (  1204) load[0m
[0;32mI (151) esp_image: segment 4: paddr=0003ac14 vaddr=40374000 size=0dfach ( 57260) load[0m
[0;32mI (178) boot: Loaded app from partition at offset 0x10000[0m
[0;32mI (178) boot: Disabling RNG early entropy source...[0m
[0;32mI (189) cpu_start: Multicore app[0m
[0;32mI (199) cpu_start: Pro cpu start user code[0m
[0;32mI (199) cpu_start: cpu freq: 160000000 Hz[0m
[0;32mI (199) cpu_start: Application information:[0m
[0;32mI (202) cpu_start: Project name:     motor_control_perron[0m
[0;32mI (208) cpu_start: App version:      1[0m
[0;32mI (212) cpu_start: Compile time:     May 22 2024 16:24:29[0m
[0;32mI (218) cpu_start: ELF file SHA256:  13f95a739...[0m
[0;32mI (224) cpu_start: ESP-IDF:          v5.2.1[0m
[0;32mI (229) cpu_start: Min chip rev:     v0.0[0m
[0;32mI (233) cpu_start: Max chip rev:     v0.99 [0m
[0;32mI (238) cpu_start: Chip rev:         v0.1[0m
[0;32mI (243) heap_init: Initializing. RAM available for dynamic allocation:[0m
[0;32mI (250) heap_init: At 3FC951A8 len 00054568 (337 KiB): RAM[0m
[0;32mI (256) heap_init: At 3FCE9710 len 00005724 (21 KiB): RAM[0m
[0;32mI (262) heap_init: At 3FCF0000 len 00008000 (32 KiB): DRAM[0m
[0;32mI (268) heap_init: At 600FE010 len 00001FD8 (7 KiB): RTCRAM[0m
[0;33mW (275) spi_flash: Octal flash chip is using but dio mode is selected, will automatically swich to Octal mode[0m
[0;32mI (285) spi_flash: detected chip: mxic (opi)[0m
[0;32mI (290) spi_flash: flash io: opi_str[0m
[0;33mW (294) spi_flash: Detected size(32768k) larger than the size in the binary image header(2048k). Using the size in the binary image header.[0m
[0;32mI (308) sleep: Configure to isolate all GPIO pins in sleep state[0m
[0;32mI (315) sleep: Enable automatic switching of GPIO sleep configuration[0m
[0;32mI (322) main_task: Started on CPU0[0m
[0;32mI (332) main_task: Calling app_main()[0m
[0;32mI (332) example: install pcnt unit[0m
[0;32mI (332) example: set glitch filter[0m
Guru Meditation Error: Core  1 panic'ed (LoadProhibited). Exception was unhandled.

Core  1 register dump:
PC      : 0x4037bb45  PS      : 0x00060033  A0      : 0x4037aad7  A1      : 0x3fc99c20  
A2      : 0x3fc9a4d0  A3      : 0x00000000  A4      : 0x3fc94b38  A5      : 0x00000002  
A6      : 0x00000001  A7      : 0x00000000  A8      : 0x00000001  A9      : 0x00000032  
A10     : 0x00000000  A11     : 0xffffffff  A12     : 0x00000000  A13     : 0x00060023  
A14     : 0x00000001  A15     : 0x0000abab  SAR     : 0x00000012  EXCCAUSE: 0x0000001c  
EXCVADDR: 0x00000032  LBEG    : 0x00000000  LEND    : 0x00000000  LCOUNT  : 0x00000000  


Backtrace: 0x4037bb42:0x3fc99c20 0x4037aad4:0x3fc99c40 0x4037aaca:0xa5a5a5a5 |<-CORRUPTED




ELF file SHA256: 13f95a739

Rebooting...
ESP-ROM:esp32s3-20210327
Build:Mar 27 2021
rst:0xc (RTC_SW_CPU_RST),boot:0x8 (SPI_FAST_FLASH_BOOT)
Saved PC:0x42007483
SPIWP:0xee
Octal Flash Mode Enabled
For OPI Flash, Use Default Flash Boot Mode
mode:SLOW_RD, clock div:1
load:0x3fce3810,len:0x178c
load:0x403c9700,len:0x4
load:0x403c9704,len:0xcbc
load:0x403cc700,len:0x2da0
entry 0x403c9914
[0;32mI (32) boot: ESP-IDF v5.2.1 2nd stage bootloader[0m
[0;32mI (32) boot: compile time May 22 2024 16:25:09[0m
[0;32mI (33) boot: Multicore bootloader[0m
[0;32mI (36) boot: chip revision: v0.1[0m
[0;32mI (39) boot.esp32s3: Boot SPI Speed : 80MHz[0m
[0;32mI (44) boot.esp32s3: SPI Mode       : SLOW READ[0m
[0;32mI (49) boot.esp32s3: SPI Flash Size : 2MB[0m
[0;32mI (54) boot: Enabling RNG early entropy source...[0m
[0;32mI (60) boot: Partition Table:[0m
[0;32mI (63) boot: ## Label            Usage          Type ST Offset   Length[0m
[0;32mI (70) boot:  0 nvs              WiFi data        01 02 00009000 00006000[0m
[0;32mI (78) boot:  1 phy_init         RF data          01 01 0000f000 00001000[0m
[0;32mI (85) boot:  2 factory          factory app      00 00 00010000 00100000[0m
[0;32mI (93) boot: End of partition table[0m
[0;32mI (97) esp_image: segment 0: paddr=00010020 vaddr=3c020020 size=0dbd4h ( 56276) map[0m
[0;32mI (119) esp_image: segment 1: paddr=0001dbfc vaddr=3fc92000 size=0241ch (  9244) load[0m
[0;32mI (122) esp_image: segment 2: paddr=00020020 vaddr=42000020 size=1a730h (108336) map[0m
[0;32mI (151) esp_image: segment 3: paddr=0003a758 vaddr=3fc9441c size=004b4h (  1204) load[0m
[0;32mI (151) esp_image: segment 4: paddr=0003ac14 vaddr=40374000 size=0dfach ( 57260) load[0m
[0;32mI (178) boot: Loaded app from partition at offset 0x10000[0m
[0;32mI (178) boot: Disabling RNG early entropy source...[0m
[0;32mI (189) cpu_start: Multicore app[0m
[0;32mI (199) cpu_start: Pro cpu start user code[0m
[0;32mI (199) cpu_start: cpu freq: 160000000 Hz[0m
[0;32mI (199) cpu_start: Application information:[0m
[0;32mI (202) cpu_start: Project name:     motor_control_perron[0m
[0;32mI (208) cpu_start: App version:      1[0m
[0;32mI (212) cpu_start: Compile time:     May 22 2024 16:24:29[0m
[0;32mI (218) cpu_start: ELF file SHA256:  13f95a739...[0m
[0;32mI (224) cpu_start: ESP-IDF:          v5.2.1[0m
[0;32mI (229) cpu_start: Min chip rev:     v0.0[0m
[0;32mI (233) cpu_start: Max chip rev:     v0.99 [0m
[0;32mI (238) cpu_start: Chip rev:         v0.1[0m
[0;32mI (243) heap_init: Initializing. RAM available for dynamic allocation:[0m
[0;32mI (250) heap_init: At 3FC951A8 len 00054568 (337 KiB): RAM[0m
[0;32mI (256) heap_init: At 3FCE9710 len 00005724 (21 KiB): RAM[0m
[0;32mI (262) heap_init: At 3FCF0000 len 00008000 (32 KiB): DRAM[0m
[0;32mI (268) heap_init: At 600FE010 len 00001FD8 (7 KiB): RTCRAM[0m
[0;33mW (275) spi_flash: Octal flash chip is using but dio mode is selected, will automatically swich to Octal mode[0m
[0;32mI (285) spi_flash: detected chip: mxic (opi)[0m
[0;32mI (290) spi_flash: flash io: opi_str[0m
[0;33mW (294) spi_flash: Detected size(32768k) larger than the size in the binary image header(2048k). Using the size in the binary image header.[0m
[0;32mI (308) sleep: Configure to isolate all GPIO pins in sleep state[0m
[0;32mI (315) sleep: Enable automatic switching of GPIO sleep configuration[0m
[0;32mI (322) main_task: Started on CPU0[0m
[0;32mI (332) main_task: Calling app_main()[0m
[0;32mI (332) example: install pcnt unit[0m
[0;32mI (332) example: set glitch filter[0m
Guru Meditation Error: Core  1 panic'ed (LoadProhibited). Exception was unhandled.

Core  1 register dump:
PC      : 0x4037bb45  PS      : 0x00060033  A0      : 0x4037aad7  A1      : 0x3fc99c20  
A2      : 0x3fc9a4d0  A3      : 0x00000000  A4      : 0x3fc94b38  A5      : 0x00000002  
A6      : 0x00000001  A7      : 0x00000000  A8      : 0x00000001  A9      : 0x00000032  
A10     : 0x00000000  A11     : 0xffffffff  A12     : 0x00000000  A13     : 0x00060023  
A14     : 0x00000001  A15     : 0x0000abab  SAR     : 0x00000012  EXCCAUSE: 0x0000001c  
EXCVADDR: 0x00000032  LBEG    : 0x00000000  LEND    : 0x00000000  LCOUNT  : 0x00000000  


Backtrace: 0x4037bb42:0x3fc99c20 0x4037aad4:0x3fc99c40 0x4037aaca:0xa5a5a5a5 |<-CORRUPTED




ELF file SHA256: 13f95a739

Rebooting...
ESP-ROM:esp32s3-20210327
Build:Mar 27 2021
rst:0xc (RTC_SW_CPU_RST),boot:0x8 (SPI_FAST_FLASH_BOOT)
Saved PC:0x42007483
SPIWP:0xee
Octal Flash Mode Enabled
For OPI Flash, Use Default Flash Boot Mode
mode:SLOW_RD, clock div:1
load:0x3fce3810,len:0x178c
load:0x403c9700,len:0x4
load:0x403c9704,len:0xcbc
load:0x403cc700,len:0x2da0
entry 0x403c9914
[0;32mI (32) boot: ESP-IDF v5.2.1 2nd stage bootloader[0m
[0;32mI (32) boot: compile time May 22 2024 16:25:09[0m
[0;32mI (33) boot: Multicore bootloader[0m
[0;32mI (36) boot: chip revision: v0.1[0m
[0;32mI (39) boot.esp32s3: Boot SPI Speed : 80MHz[0m
[0;32mI (44) boot.esp32s3: SPI Mode       : SLOW READ[0m
[0;32mI (49) boot.esp32s3: SPI Flash Size : 2MB[0m
[0;32mI (54) boot: Enabling RNG early entropy source...[0m
[0;32mI (60) boot: Partition Table:[0m
[0;32mI (63) boot: ## Label            Usage          Type ST Offset   Length[0m
[0;32mI (70) boot:  0 nvs              WiFi data        01 02 00009000 00006000[0m
[0;32mI (78) boot:  1 phy_init         RF data          01 01 0000f000 00001000[0m
[0;32mI (85) boot:  2 factory          factory app      00 00 00010000 00100000[0m
[0;32mI (93) boot: End of partition table[0m
[0;32mI (97) esp_image: segment 0: paddr=00010020 vaddr=3c020020 size=0dbd4h ( 56276) map[0m
[0;32mI (119) esp_image: segment 1: paddr=0001dbfc vaddr=3fc92000 size=0241ch (  9244) load[0m
[0;32mI (122) esp_image: segment 2: paddr=00020020 vaddr=42000020 size=1a730h (108336) map[0m
[0;32mI (151) esp_image: segment 3: paddr=0003a758 vaddr=3fc9441c size=004b4h (  1204) load[0m
[0;32mI (151) esp_image: segment 4: paddr=0003ac14 vaddr=40374000 size=0dfach ( 57260) load[0m
[0;32mI (178) boot: Loaded app from partition at offset 0x10000[0m
[0;32mI (178) boot: Disabling RNG early entropy source...[0m
[0;32mI (189) cpu_start: Multicore app[0m
[0;32mI (199) cpu_start: Pro cpu start user code[0m
[0;32mI (199) cpu_start: cpu freq: 160000000 Hz[0m
[0;32mI (199) cpu_start: Application information:[0m
[0;32mI (202) cpu_start: Project name:     motor_control_perron[0m
[0;32mI (208) cpu_start: App version:      1[0m
[0;32mI (212) cpu_start: Compile time:     May 22 2024 16:24:29[0m
[0;32mI (218) cpu_start: ELF file SHA256:  13f95a739...[0m
[0;32mI (224) cpu_start: ESP-IDF:          v5.2.1[0m
[0;32mI (229) cpu_start: Min chip rev:     v0.0[0m
[0;32mI (233) cpu_start: Max chip rev:     v0.99 [0m
[0;32mI (238) cpu_start: Chip rev:         v0.1[0m
[0;32mI (243) heap_init: Initializing. RAM available for dynamic allocation:[0m
[0;32mI (250) heap_init: At 3FC951A8 len 00054568 (337 KiB): RAM[0m
[0;32mI (256) heap_init: At 3FCE9710 len 00005724 (21 KiB): RAM[0m
[0;32mI (262) heap_init: At 3FCF0000 len 00008000 (32 KiB): DRAM[0m
[0;32mI (268) heap_init: At 600FE010 len 00001FD8 (7 KiB): RTCRAM[0m
[0;33mW (275) spi_flash: Octal flash chip is using but dio mode is selected, will automatically swich to Octal mode[0m
[0;32mI (285) spi_flash: detected chip: mxic (opi)[0m
[0;32mI (290) spi_flash: flash io: opi_str[0m
[0;33mW (294) spi_flash: Detected size(32768k) larger than the size in the binary image header(2048k). Using the size in the binary image header.[0m
[0;32mI (308) sleep: Configure to isolate all GPIO pins in sleep state[0m
[0;32mI (315) sleep: Enable automatic switching of GPIO sleep configuration[0m
[0;32mI (322) main_task: Started on CPU0[0m
[0;32mI (332) main_task: Calling app_main()[0m
[0;32mI (332) example: install pcnt unit[0m
[0;32mI (332) example: set glitch filter[0m
Guru Meditation Error: Core  1 panic'ed (LoadProhibited). Exception was unhandled.

Core  1 register dump:
PC      : 0x4037bb45  PS      : 0x00060033  A0      : 0x4037aad7  A1      : 0x3fc99c20  
A2      : 0x3fc9a4d0  A3      : 0x00000000  A4      : 0x3fc94b38  A5      : 0x00000002  
A6      : 0x00000001  A7      : 0x00000000  A8      : 0x00000001  A9      : 0x00000032  
A10     : 0x00000000  A11     : 0xffffffff  A12     : 0x00000000  A13     : 0x00060023  
A14     : 0x00000001  A15     : 0x0000abab  SAR     : 0x00000012  EXCCAUSE: 0x0000001c  
EXCVADDR: 0x00000032  LBEG    : 0x00000000  LEND    : 0x00000000  LCOUNT  : 0x00000000  


Backtrace: 0x4037bb42:0x3fc99c20 0x4037aad4:0x3fc99c40 0x4037aaca:0xa5a5a5a5 |<-CORRUPTED




ELF file SHA256: 13f95a739

Rebooting...
ESP-ROM:esp32s3-20210327
Build:Mar 27 2021
rst:0xc (RTC_SW_CPU_RST),boot:0x8 (SPI_FAST_FLASH_BOOT)
Saved PC:0x42007483
SPIWP:0xee
Octal Flash Mode Enabled
For OPI Flash, Use Default Flash Boot Mode
mode:SLOW_RD, clock div:1
load:0x3fce3810,len:0x178c
load:0x403c9700,len:0x4
load:0x403c9704,len:0xcbc
load:0x403cc700,len:0x2da0
entry 0x403c9914
[0;32mI (32) boot: ESP-IDF v5.2.1 2nd stage bootloader[0m
[0;32mI (32) boot: compile time May 22 2024 16:25:09[0m
[0;32mI (33) boot: Multicore bootloader[0m
[0;32mI (36) boot: chip revision: v0.1[0m
[0;32mI (39) boot.esp32s3: Boot SPI Speed : 80MHz[0m
[0;32mI (44) boot.esp32s3: SPI Mode       : SLOW READ[0m
[0;32mI (49) boot.esp32s3: SPI Flash Size : 2MB[0m
[0;32mI (54) boot: Enabling RNG early entropy source...[0m
[0;32mI (60) boot: Partition Table:[0m
[0;32mI (63) boot: ## Label            Usage          Type ST Offset   Length[0m
[0;32mI (70) boot:  0 nvs              WiFi data        01 02 00009000 00006000[0m
[0;32mI (78) boot:  1 phy_init         RF data          01 01 0000f000 00001000[0m
[0;32mI (85) boot:  2 factory          factory app      00 00 00010000 00100000[0m
[0;32mI (93) boot: End of partition table[0m
[0;32mI (97) esp_image: segment 0: paddr=00010020 vaddr=3c020020 size=0dbd4h ( 56276) map[0m
[0;32mI (119) esp_image: segment 1: paddr=0001dbfc vaddr=3fc92000 size=0241ch (  9244) load[0m
[0;32mI (122) esp_image: segment 2: paddr=00020020 vaddr=42000020 size=1a730h (108336) map[0m
[0;32mI (151) esp_image: segment 3: paddr=0003a758 vaddr=3fc9441c size=004b4h (  1204) load[0m
[0;32mI (151) esp_image: segment 4: paddr=0003ac14 vaddr=40374000 size=0dfach ( 57260) load[0m
[0;32mI (178) boot: Loaded app from partition at offset 0x10000[0m
[0;32mI (178) boot: Disabling RNG early entropy source...[0m
[0;32mI (189) cpu_start: Multicore app[0m
[0;32mI (199) cpu_start: Pro cpu start user code[0m
[0;32mI (199) cpu_start: cpu freq: 160000000 Hz[0m
[0;32mI (199) cpu_start: Application information:[0m
[0;32mI (202) cpu_start: Project name:     motor_control_perron[0m
[0;32mI (208) cpu_start: App version:      1[0m
[0;32mI (212) cpu_start: Compile time:     May 22 2024 16:24:29[0m
[0;32mI (218) cpu_start: ELF file SHA256:  13f95a739...[0m
[0;32mI (224) cpu_start: ESP-IDF:          v5.2.1[0m
[0;32mI (229) cpu_start: Min chip rev:     v0.0[0m
[0;32mI (233) cpu_start: Max chip rev:     v0.99 [0m
[0;32mI (238) cpu_start: Chip rev:         v0.1[0m
[0;32mI (243) heap_init: Initializing. RAM available for dynamic allocation:[0m
[0;32mI (250) heap_init: At 3FC951A8 len 00054568 (337 KiB): RAM[0m
[0;32mI (256) heap_init: At 3FCE9710 len 00005724 (21 KiB): RAM[0m
[0;32mI (262) heap_init: At 3FCF0000 len 00008000 (32 KiB): DRAM[0m
[0;32mI (268) heap_init: At 600FE010 len 00001FD8 (7 KiB): RTCRAM[0m
[0;33mW (275) spi_flash: Octal flash chip is using but dio mode is selected, will automatically swich to Octal mode[0m
[0;32mI (285) spi_flash: detected chip: mxic (opi)[0m
[0;32mI (290) spi_flash: flash io: opi_str[0m
[0;33mW (294) spi_flash: Detected size(32768k) larger than the size in the binary image header(2048k). Using the size in the binary image header.[0m
[0;32mI (308) sleep: Configure to isolate all GPIO pins in sleep state[0m
[0;32mI (315) sleep: Enable automatic switching of GPIO sleep configuration[0m
[0;32mI (322) main_task: Started on CPU0[0m
[0;32mI (332) main_task: Calling app_main()[0m
[0;32mI (332) example: install pcnt unit[0m
[0;32mI (332) example: set glitch filter[0m
Guru Meditation Error: Core  1 panic'ed (LoadProhibited). Exception was unhandled.

Core  1 register dump:
PC      : 0x4037bb45  PS      : 0x00060033  A0      : 0x4037aad7  A1      : 0x3fc99c20  
A2      : 0x3fc9a4d0  A3      : 0x00000000  A4      : 0x3fc94b38  A5      : 0x00000002  
A6      : 0x00000001  A7      : 0x00000000  A8      : 0x00000001  A9      : 0x00000032  
A10     : 0x00000000  A11     : 0xffffffff  A12     : 0x00000000  A13     : 0x00060023  
A14     : 0x00000001  A15     : 0x0000abab  SAR     : 0x00000012  EXCCAUSE: 0x0000001c  
EXCVADDR: 0x00000032  LBEG    : 0x00000000  LEND    : 0x00000000  LCOUNT  : 0x00000000  


Backtrace: 0x4037bb42:0x3fc99c20 0x4037aad4:0x3fc99c40 0x4037aaca:0xa5a5a5a5 |<-CORRUPTED




ELF file SHA256: 13f95a739

Rebooting...
ESP-ROM:esp32s3-20210327
Build:Mar 27 2021
rst:0xc (RTC_SW_CPU_RST),boot:0x8 (SPI_FAST_FLASH_BOOT)
Saved PC:0x42007483
SPIWP:0xee
Octal Flash Mode Enabled
For OPI Flash, Use Default Flash Boot Mode
mode:SLOW_RD, clock div:1
load:0x3fce3810,len:0x178c
load:0x403c9700,len:0x4
load:0x403c9704,len:0xcbc
load:0x403cc700,len:0x2da0
entry 0x403c9914
[0;32mI (32) boot: ESP-IDF v5.2.1 2nd stage bootloader[0m
[0;32mI (32) boot: compile time May 22 2024 16:25:09[0m
[0;32mI (33) boot: Multicore bootloader[0m
[0;32mI (36) boot: chip revision: v0.1[0m
[0;32mI (39) boot.esp32s3: Boot SPI Speed : 80MHz[0m
[0;32mI (44) boot.esp32s3: SPI Mode       : SLOW READ[0m
[0;32mI (49) boot.esp32s3: SPI Flash Size : 2MB[0m
[0;32mI (54) boot: Enabling RNG early entropy source...[0m
[0;32mI (60) boot: Partition Table:[0m
[0;32mI (63) boot: ## Label            Usage          Type ST Offset   Length[0m
[0;32mI (70) boot:  0 nvs              WiFi data        01 02 00009000 00006000[0m
[0;32mI (78) boot:  1 phy_init         RF data          01 01 0000f000 00001000[0m
[0;32mI (85) boot:  2 factory          factory app      00 00 00010000 00100000[0m
[0;32mI (93) boot: End of partition table[0m
[0;32mI (97) esp_image: segment 0: paddr=00010020 vaddr=3c020020 size=0dbd4h ( 56276) map[0m
[0;32mI (119) esp_image: segment 1: paddr=0001dbfc vaddr=3fc92000 size=0241ch (  9244) load[0m
[0;32mI (122) esp_image: segment 2: paddr=00020020 vaddr=42000020 size=1a730h (108336) map[0m
[0;32mI (151) esp_image: segment 3: paddr=0003a758 vaddr=3fc9441c size=004b4h (  1204) load[0m
[0;32mI (151) esp_image: segment 4: paddr=0003ac14 vaddr=40374000 size=0dfach ( 57260) load[0m
[0;32mI (178) boot: Loaded app from partition at offset 0x10000[0m
[0;32mI (178) boot: Disabling RNG early entropy source...[0m
[0;32mI (189) cpu_start: Multicore app[0m
[0;32mI (199) cpu_start: Pro cpu start user code[0m
[0;32mI (199) cpu_start: cpu freq: 160000000 Hz[0m
[0;32mI (199) cpu_start: Application information:[0m
[0;32mI (202) cpu_start: Project name:     motor_control_perron[0m
[0;32mI (208) cpu_start: App version:      1[0m
[0;32mI (212) cpu_start: Compile time:     May 22 2024 16:24:29[0m
[0;32mI (218) cpu_start: ELF file SHA256:  13f95a739...[0m
[0;32mI (224) cpu_start: ESP-IDF:          v5.2.1[0m
[0;32mI (229) cpu_start: Min chip rev:     v0.0[0m
[0;32mI (233) cpu_start: Max chip rev:     v0.99 [0m
[0;32mI (238) cpu_start: Chip rev:         v0.1[0m
[0;32mI (243) heap_init: Initializing. RAM available for dynamic allocation:[0m
[0;32mI (250) heap_init: At 3FC951A8 len 00054568 (337 KiB): RAM[0m
[0;32mI (256) heap_init: At 3FCE9710 len 00005724 (21 KiB): RAM[0m
[0;32mI (262) heap_init: At 3FCF0000 len 00008000 (32 KiB): DRAM[0m
[0;32mI (268) heap_init: At 600FE010 len 00001FD8 (7 KiB): RTCRAM[0m
[0;33mW (275) spi_flash: Octal flash chip is using but dio mode is selected, will automatically swich to Octal mode[0m
[0;32mI (285) spi_flash: detected chip: mxic (opi)[0m
[0;32mI (290) spi_flash: flash io: opi_str[0m
[0;33mW (294) spi_flash: Detected size(32768k) larger than the size in the binary image header(2048k). Using the size in the binary image header.[0m
[0;32mI (308) sleep: Configure to isolate all GPIO pins in sleep state[0m
[0;32mI (315) sleep: Enable automatic switching of GPIO sleep configuration[0m
[0;32mI (322) main_task: Started on CPU0[0m
[0;32mI (332) main_task: Calling app_main()[0m
[0;32mI (332) example: install pcnt unit[0m
[0;32mI (332) example: set glitch filter[0m
Guru Meditation Error: Core  1 panic'ed (LoadProhibited). Exception was unhandled.

Core  1 register dump:
PC      : 0x4037bb45  PS      : 0x00060033  A0      : 0x4037aad7  A1      : 0x3fc99c20  
A2      : 0x3fc9a4d0  A3      : 0x00000000  A4      : 0x3fc94b38  A5      : 0x00000002  
A6      : 0x00000001  A7      : 0x00000000  A8      : 0x00000001  A9      : 0x00000032  
A10     : 0x00000000  A11     : 0xffffffff  A12     : 0x00000000  A13     : 0x00060023  
A14     : 0x00000001  A15     : 0x0000abab  SAR     : 0x00000012  EXCCAUSE: 0x0000001c  
EXCVADDR: 0x00000032  LBEG    : 0x00000000  LEND    : 0x00000000  LCOUNT  : 0x00000000  


Backtrace: 0x4037bb42:0x3fc99c20 0x4037aad4:0x3fc99c40 0x4037aaca:0xa5a5a5a5 |<-CORRUPTED




ELF file SHA256: 13f95a739

Rebooting...
ESP-ROM:esp32s3-20210327
Build:Mar 27 2021
rst:0xc (RTC_SW_CPU_RST),boot:0x8 (SPI_FAST_FLASH_BOOT)
Saved PC:0x42007483
SPIWP:0xee
Octal Flash Mode Enabled
For OPI Flash, Use Default Flash Boot Mode
mode:SLOW_RD, clock div:1
load:0x3fce3810,len:0x178c
load:0x403c9700,len:0x4
load:0x403c9704,len:0xcbc
load:0x403cc700,len:0x2da0
entry 0x403c9914
[0;32mI (32) boot: ESP-IDF v5.2.1 2nd stage bootloader[0m
[0;32mI (32) boot: compile time May 22 2024 16:25:09[0m
[0;32mI (33) boot: Multicore bootloader[0m
[0;32mI (36) boot: chip revision: v0.1[0m
[0;32mI (39) boot.esp32s3: Boot SPI Speed : 80MHz[0m
[0;32mI (44) boot.esp32s3: SPI Mode       : SLOW READ[0m
[0;32mI (49) boot.esp32s3: SPI Flash Size : 2MB[0m
[0;32mI (54) boot: Enabling RNG early entropy source...[0m
[0;32mI (60) boot: Partition Table:[0m
[0;32mI (63) boot: ## Label            Usage          Type ST Offset   Length[0m
[0;32mI (70) boot:  0 nvs              WiFi data        01 02 00009000 00006000[0m
[0;32mI (78) boot:  1 phy_init         RF data          01 01 0000f000 00001000[0m
[0;32mI (85) boot:  2 factory          factory app      00 00 00010000 00100000[0m
[0;32mI (93) boot: End of partition table[0m
[0;32mI (97) esp_image: segment 0: paddr=00010020 vaddr=3c020020 size=0dbd4h ( 56276) map[0m
[0;32mI (119) esp_image: segment 1: paddr=0001dbfc vaddr=3fc92000 size=0241ch (  9244) load[0m
[0;32mI (122) esp_image: segment 2: paddr=00020020 vaddr=42000020 size=1a730h (108336) map[0m
[0;32mI (151) esp_image: segment 3: paddr=0003a758 vaddr=3fc9441c size=004b4h (  1204) load[0m
[0;32mI (151) esp_image: segment 4: paddr=0003ac14 vaddr=40374000 size=0dfach ( 57260) load[0m
[0;32mI (178) boot: Loaded app from partition at offset 0x10000[0m
[0;32mI (178) boot: Disabling RNG early entropy source...[0m
[0;32mI (189) cpu_start: Multicore app[0m
[0;32mI (199) cpu_start: Pro cpu start user code[0m
[0;32mI (199) cpu_start: cpu freq: 160000000 Hz[0m
[0;32mI (199) cpu_start: Application information:[0m
[0;32mI (202) cpu_start: Project name:     motor_control_perron[0m
[0;32mI (208) cpu_start: App version:      1[0m
[0;32mI (212) cpu_start: Compile time:     May 22 2024 16:24:29[0m
[0;32mI (218) cpu_start: ELF file SHA256:  13f95a739...[0m
[0;32mI (224) cpu_start: ESP-IDF:          v5.2.1[0m
[0;32mI (229) cpu_start: Min chip rev:     v0.0[0m
[0;32mI (233) cpu_start: Max chip rev:     v0.99 [0m
[0;32mI (238) cpu_start: Chip rev:         v0.1[0m
[0;32mI (243) heap_init: Initializing. RAM available for dynamic allocation:[0m
[0;32mI (250) heap_init: At 3FC951A8 len 00054568 (337 KiB): RAM[0m
[0;32mI (256) heap_init: At 3FCE9710 len 00005724 (21 KiB): RAM[0m
[0;32mI (262) heap_init: At 3FCF0000 len 00008000 (32 KiB): DRAM[0m
[0;32mI (268) heap_init: At 600FE010 len 00001FD8 (7 KiB): RTCRAM[0m
[0;33mW (275) spi_flash: Octal flash chip is using but dio mode is selected, will automatically swich to Octal mode[0m
[0;32mI (285) spi_flash: detected chip: mxic (opi)[0m
[0;32mI (290) spi_flash: flash io: opi_str[0m
[0;33mW (294) spi_flash: Detected size(32768k) larger than the size in the binary image header(2048k). Using the size in the binary image header.[0m
[0;32mI (308) sleep: Configure to isolate all GPIO pins in sleep state[0m
[0;32mI (315) sleep: Enable automatic switching of GPIO sleep configuration[0m
[0;32mI (322) main_task: Started on CPU0[0m
[0;32mI (332) main_task: Calling app_main()[0m
[0;32mI (332) example: install pcnt unit[0m
[0;32mI (332) example: set glitch filter[0m
Guru Meditation Error: Core  1 panic'ed (LoadProhibited). Exception was unhandled.

Core  1 register dump:
PC      : 0x4037bb45  PS      : 0x00060033  A0      : 0x4037aad7  A1      : 0x3fc99c20  
A2      : 0x3fc9a4d0  A3      : 0x00000000  A4      : 0x3fc94b38  A5      : 0x00000002  
A6      : 0x00000001  A7      : 0x00000000  A8      : 0x00000001  A9      : 0x00000032  
A10     : 0x00000000  A11     : 0xffffffff  A12     : 0x00000000  A13     : 0x00060023  
A14     : 0x00000001  A15     : 0x0000abab  SAR     : 0x00000012  EXCCAUSE: 0x0000001c  
EXCVADDR: 0x00000032  LBEG    : 0x00000000  LEND    : 0x00000000  LCOUNT  : 0x00000000  


Backtrace: 0x4037bb42:0x3fc99c20 0x4037aad4:0x3fc99c40 0x4037aaca:0xa5a5a5a5 |<-CORRUPTED




ELF file SHA256: 13f95a739

Rebooting...
ESP-ROM:esp32s3-20210327
Build:Mar 27 2021
rst:0xc (RTC_SW_CPU_RST),boot:0x8 (SPI_FAST_FLASH_BOOT)
Saved PC:0x42007483
SPIWP:0xee
Octal Flash Mode Enabled
For OPI Flash, Use Default Flash Boot Mode
mode:SLOW_RD, clock div:1
load:0x3fce3810,len:0x178c
load:0x403c9700,len:0x4
load:0x403c9704,len:0xcbc
load:0x403cc700,len:0x2da0
entry 0x403c9914
[0;32mI (32) boot: ESP-IDF v5.2.1 2nd stage bootloader[0m
[0;32mI (32) boot: compile time May 22 2024 16:25:09[0m
[0;32mI (33) boot: Multicore bootloader[0m
[0;32mI (36) boot: chip revision: v0.1[0m
[0;32mI (39) boot.esp32s3: Boot SPI Speed : 80MHz[0m
[0;32mI (44) boot.esp32s3: SPI Mode       : SLOW READ[0m
[0;32mI (49) boot.esp32s3: SPI Flash Size : 2MB[0m
[0;32mI (54) boot: Enabling RNG early entropy source...[0m
[0;32mI (60) boot: Partition Table:[0m
[0;32mI (63) boot: ## Label            Usage          Type ST Offset   Length[0m
[0;32mI (70) boot:  0 nvs              WiFi data        01 02 00009000 00006000[0m
[0;32mI (78) boot:  1 phy_init         RF data          01 01 0000f000 00001000[0m
[0;32mI (85) boot:  2 factory          factory app      00 00 00010000 00100000[0m
[0;32mI (93) boot: End of partition table[0m
[0;32mI (97) esp_image: segment 0: paddr=00010020 vaddr=3c020020 size=0dbd4h ( 56276) map[0m
[0;32mI (119) esp_image: segment 1: paddr=0001dbfc vaddr=3fc92000 size=0241ch (  9244) load[0m
[0;32mI (122) esp_image: segment 2: paddr=00020020 vaddr=42000020 size=1a730h (108336) map[0m
[0;32mI (151) esp_image: segment 3: paddr=0003a758 vaddr=3fc9441c size=004b4h (  1204) load[0m
[0;32mI (151) esp_image: segment 4: paddr=0003ac14 vaddr=40374000 size=0dfach ( 57260) load[0m
[0;32mI (178) boot: Loaded app from partition at offset 0x10000[0m
[0;32mI (178) boot: Disabling RNG early entropy source...[0m
[0;32mI (189) cpu_start: Multicore app[0m
[0;32mI (199) cpu_start: Pro cpu start user code[0m
[0;32mI (199) cpu_start: cpu freq: 160000000 Hz[0m
[0;32mI (199) cpu_start: Application information:[0m
[0;32mI (202) cpu_start: Project name:     motor_control_perron[0m
[0;32mI (208) cpu_start: App version:      1[0m
[0;32mI (212) cpu_start: Compile time:     May 22 2024 16:24:29[0m
[0;32mI (218) cpu_start: ELF file SHA256:  13f95a739...[0m
[0;32mI (224) cpu_start: ESP-IDF:          v5.2.1[0m
[0;32mI (229) cpu_start: Min chip rev:     v0.0[0m
[0;32mI (233) cpu_start: Max chip rev:     v0.99 [0m
[0;32mI (238) cpu_start: Chip rev:         v0.1[0m
[0;32mI (243) heap_init: Initializing. RAM available for dynamic allocation:[0m
[0;32mI (250) heap_init: At 3FC951A8 len 00054568 (337 KiB): RAM[0m
[0;32mI (256) heap_init: At 3FCE9710 len 00005724 (21 KiB): RAM[0m
[0;32mI (262) heap_init: At 3FCF0000 len 00008000 (32 KiB): DRAM[0m
[0;32mI (268) heap_init: At 600FE010 len 00001FD8 (7 KiB): RTCRAM[0m
[0;33mW (275) spi_flash: Octal flash chip is using but dio mode is selected, will automatically swich to Octal mode[0m
[0;32mI (285) spi_flash: detected chip: mxic (opi)[0m
[0;32mI (290) spi_flash: flash io: opi_str[0m
[0;33mW (294) spi_flash: Detected size(32768k) larger than the size in the binary image header(2048k). Using the size in the binary image header.[0m
[0;32mI (308) sleep: Configure to isolate all GPIO pins in sleep state[0m
[0;32mI (315) sleep: Enable automatic switching of GPIO sleep configuration[0m
[0;32mI (322) main_task: Started on CPU0[0m
[0;32mI (332) main_task: Calling app_main()[0m
[0;32mI (332) example: install pcnt unit[0m
[0;32mI (332) example: set glitch filter[0m
Guru Meditation Error: Core  1 panic'ed (LoadProhibited). Exception was unhandled.

Core  1 register dump:
PC      : 0x4037bb45  PS      : 0x00060033  A0      : 0x4037aad7  A1      : 0x3fc99c20  
A2      : 0x3fc9a4d0  A3      : 0x00000000  A4      : 0x3fc94b38  A5      : 0x00000002  
A6      : 0x00000001  A7      : 0x00000000  A8      : 0x00000001  A9      : 0x00000032  
A10     : 0x00000000  A11     : 0xffffffff  A12     : 0x00000000  A13     : 0x00060023  
A14     : 0x00000001  A15     : 0x0000abab  SAR     : 0x00000012  EXCCAUSE: 0x0000001c  
EXCVADDR: 0x00000032  LBEG    : 0x00000000  LEND    : 0x00000000  LCOUNT  : 0x00000000  


Backtrace: 0x4037bb42:0x3fc99c20 0x4037aad4:0x3fc99c40 0x4037aaca:0xa5a5a5a5 |<-CORRUPTED




ELF file SHA256: 13f95a739

Rebooting...
ESP-ROM:esp32s3-20210327
Build:Mar 27 2021
rst:0xc (RTC_SW_CPU_RST),boot:0x8 (SPI_FAST_FLASH_BOOT)
Saved PC:0x42007483
SPIWP:0xee
Octal Flash Mode Enabled
For OPI Flash, Use Default Flash Boot Mode
mode:SLOW_RD, clock div:1
load:0x3fce3810,len:0x178c
load:0x403c9700,len:0x4
load:0x403c9704,len:0xcbc
load:0x403cc700,len:0x2da0
entry 0x403c9914
[0;32mI (32) boot: ESP-IDF v5.2.1 2nd stage bootloader[0m
[0;32mI (32) boot: compile time May 22 2024 16:25:09[0m
[0;32mI (33) boot: Multicore bootloader[0m
[0;32mI (36) boot: chip revision: v0.1[0m
[0;32mI (39) boot.esp32s3: Boot SPI Speed : 80MHz[0m
[0;32mI (44) boot.esp32s3: SPI Mode       : SLOW READ[0m
[0;32mI (49) boot.esp32s3: SPI Flash Size : 2MB[0m
[0;32mI (54) boot: Enabling RNG early entropy source...[0m
[0;32mI (60) boot: Partition Table:[0m
[0;32mI (63) boot: ## Label            Usage          Type ST Offset   Length[0m
[0;32mI (70) boot:  0 nvs              WiFi data        01 02 00009000 00006000[0m
[0;32mI (78) boot:  1 phy_init         RF data          01 01 0000f000 00001000[0m
[0;32mI (85) boot:  2 factory          factory app      00 00 00010000 00100000[0m
[0;32mI (93) boot: End of partition table[0m
[0;32mI (97) esp_image: segment 0: paddr=00010020 vaddr=3c020020 size=0dbd4h ( 56276) map[0m
[0;32mI (119) esp_image: segment 1: paddr=0001dbfc vaddr=3fc92000 size=0241ch (  9244) load[0m
[0;32mI (122) esp_image: segment 2: paddr=00020020 vaddr=42000020 size=1a730h (108336) map[0m
[0;32mI (151) esp_image: segment 3: paddr=0003a758 vaddr=3fc9441c size=004b4h (  1204) load[0m
[0;32mI (151) esp_image: segment 4: paddr=0003ac14 vaddr=40374000 size=0dfach ( 57260) load[0m
[0;32mI (178) boot: Loaded app from partition at offset 0x10000[0m
[0;32mI (178) boot: Disabling RNG early entropy source...[0m
[0;32mI (189) cpu_start: Multicore app[0m
[0;32mI (199) cpu_start: Pro cpu start user code[0m
[0;32mI (199) cpu_start: cpu freq: 160000000 Hz[0m
[0;32mI (199) cpu_start: Application information:[0m
[0;32mI (202) cpu_start: Project name:     motor_control_perron[0m
[0;32mI (208) cpu_start: App version:      1[0m
[0;32mI (212) cpu_start: Compile time:     May 22 2024 16:24:29[0m
[0;32mI (218) cpu_start: ELF file SHA256:  13f95a739...[0m
[0;32mI (224) cpu_start: ESP-IDF:          v5.2.1[0m
[0;32mI (229) cpu_start: Min chip rev:     v0.0[0m
[0;32mI (233) cpu_start: Max chip rev:     v0.99 [0m
[0;32mI (238) cpu_start: Chip rev:         v0.1[0m
[0;32mI (243) heap_init: Initializing. RAM available for dynamic allocation:[0m
[0;32mI (250) heap_init: At 3FC951A8 len 00054568 (337 KiB): RAM[0m
[0;32mI (256) heap_init: At 3FCE9710 len 00005724 (21 KiB): RAM[0m
[0;32mI (262) heap_init: At 3FCF0000 len 00008000 (32 KiB): DRAM[0m
[0;32mI (268) heap_init: At 600FE010 len 00001FD8 (7 KiB): RTCRAM[0m
[0;33mW (275) spi_flash: Octal flash chip is using but dio mode is selected, will automatically swich to Octal mode[0m
[0;32mI (285) spi_flash: detected chip: mxic (opi)[0m
[0;32mI (290) spi_flash: flash io: opi_str[0m
[0;33mW (294) spi_flash: Detected size(32768k) larger than the size in the binary image header(2048k). Using the size in the binary image header.[0m
[0;32mI (308) sleep: Configure to isolate all GPIO pins in sleep state[0m
[0;32mI (315) sleep: Enable automatic switching of GPIO sleep configuration[0m
[0;32mI (322) main_task: Started on CPU0[0m
[0;32mI (332) main_task: Calling app_main()[0m
[0;32mI (332) example: install pcnt unit[0m
[0;32mI (332) example: set glitch filter[0m
Guru Meditation Error: Core  1 panic'ed (LoadProhibited). Exception was unhandled.

Core  1 register dump:
PC      : 0x4037bb45  PS      : 0x00060033  A0      : 0x4037aad7  A1      : 0x3fc99c20  
A2      : 0x3fc9a4d0  A3      : 0x00000000  A4      : 0x3fc94b38  A5      : 0x00000002  
A6      : 0x00000001  A7      : 0x00000000  A8      : 0x00000001  A9      : 0x00000032  
A10     : 0x00000000  A11     : 0xffffffff  A12     : 0x00000000  A13     : 0x00060023  
A14     : 0x00000001  A15     : 0x0000abab  SAR     : 0x00000012  EXCCAUSE: 0x0000001c  
EXCVADDR: 0x00000032  LBEG    : 0x00000000  LEND    : 0x00000000  LCOUNT  : 0x00000000  


Backtrace: 0x4037bb42:0x3fc99c20 0x4037aad4:0x3fc99c40 0x4037aaca:0xa5a5a5a5 |<-CORRUPTED




ELF file SHA256: 13f95a739

Rebooting...
ESP-ROM:esp32s3-20210327
Build:Mar 27 2021
rst:0xc (RTC_SW_CPU_RST),boot:0x8 (SPI_FAST_FLASH_BOOT)
Saved PC:0x42007483
SPIWP:0xee
Octal Flash Mode Enabled
For OPI Flash, Use Default Flash Boot Mode
mode:SLOW_RD, clock div:1
load:0x3fce3810,len:0x178c
load:0x403c9700,len:0x4
load:0x403c9704,len:0xcbc
load:0x403cc700,len:0x2da0
entry 0x403c9914
[0;32mI (32) boot: ESP-IDF v5.2.1 2nd stage bootloader[0m
[0;32mI (32) boot: compile time May 22 2024 16:25:09[0m
[0;32mI (33) boot: Multicore bootloader[0m
[0;32mI (36) boot: chip revision: v0.1[0m
[0;32mI (39) boot.esp32s3: Boot SPI Speed : 80MHz[0m
[0;32mI (44) boot.esp32s3: SPI Mode       : SLOW READ[0m
[0;32mI (49) boot.esp32s3: SPI Flash Size : 2MB[0m
[0;32mI (54) boot: Enabling RNG early entropy source...[0m
[0;32mI (60) boot: Partition Table:[0m
[0;32mI (63) boot: ## Label            Usage          Type ST Offset   Length[0m
[0;32mI (70) boot:  0 nvs              WiFi data        01 02 00009000 00006000[0m
[0;32mI (78) boot:  1 phy_init         RF data          01 01 0000f000 00001000[0m
[0;32mI (85) boot:  2 factory          factory app      00 00 00010000 00100000[0m
[0;32mI (93) boot: End of partition table[0m
[0;32mI (97) esp_image: segment 0: paddr=00010020 vaddr=3c020020 size=0dbd4h ( 56276) map[0m
[0;32mI (119) esp_image: segment 1: paddr=0001dbfc vaddr=3fc92000 size=0241ch (  9244) load[0m
[0;32mI (122) esp_image: segment 2: paddr=00020020 vaddr=42000020 size=1a730h (108336) map[0m
[0;32mI (151) esp_image: segment 3: paddr=0003a758 vaddr=3fc9441c size=004b4h (  1204) load[0m
[0;32mI (151) esp_image: segment 4: paddr=0003ac14 vaddr=40374000 size=0dfach ( 57260) load[0m
[0;32mI (178) boot: Loaded app from partition at offset 0x10000[0m
[0;32mI (178) boot: Disabling RNG early entropy source...[0m
[0;32mI (189) cpu_start: Multicore app[0m
[0;32mI (199) cpu_start: Pro cpu start user code[0m
[0;32mI (199) cpu_start: cpu freq: 160000000 Hz[0m
[0;32mI (199) cpu_start: Application information:[0m
[0;32mI (202) cpu_start: Project name:     motor_control_perron[0m
[0;32mI (208) cpu_start: App version:      1[0m
[0;32mI (212) cpu_start: Compile time:     May 22 2024 16:24:29[0m
[0;32mI (218) cpu_start: ELF file SHA256:  13f95a739...[0m
[0;32mI (224) cpu_start: ESP-IDF:          v5.2.1[0m
[0;32mI (229) cpu_start: Min chip rev:     v0.0[0m
[0;32mI (233) cpu_start: Max chip rev:     v0.99 [0m
[0;32mI (238) cpu_start: Chip rev:         v0.1[0m
[0;32mI (243) heap_init: Initializing. RAM available for dynamic allocation:[0m
[0;32mI (250) heap_init: At 3FC951A8 len 00054568 (337 KiB): RAM[0m
[0;32mI (256) heap_init: At 3FCE9710 len 00005724 (21 KiB): RAM[0m
[0;32mI (262) heap_init: At 3FCF0000 len 00008000 (32 KiB): DRAM[0m
[0;32mI (268) heap_init: At 600FE010 len 00001FD8 (7 KiB): RTCRAM[0m
[0;33mW (275) spi_flash: Octal flash chip is using but dio mode is selected, will automatically swich to Octal mode[0m
[0;32mI (285) spi_flash: detected chip: mxic (opi)[0m
[0;32mI (290) spi_flash: flash io: opi_str[0m
[0;33mW (294) spi_flash: Detected size(32768k) larger than the size in the binary image header(2048k). Using the size in the binary image header.[0m
[0;32mI (308) sleep: Configure to isolate all GPIO pins in sleep state[0m
[0;32mI (315) sleep: Enable automatic switching of GPIO sleep configuration[0m
[0;32mI (322) main_task: Started on CPU0[0m
[0;32mI (332) main_task: Calling app_main()[0m
[0;32mI (332) example: install pcnt unit[0m
[0;32mI (332) example: set glitch filter[0m
Guru Meditation Error: Core  1 panic'ed (LoadProhibited). Exception was unhandled.

Core  1 register dump:
PC      : 0x4037bb45  PS      : 0x00060033  A0      : 0x4037aad7  A1      : 0x3fc99c20  
A2      : 0x3fc9a4d0  A3      : 0x00000000  A4      : 0x3fc94b38  A5      : 0x00000002  
A6      : 0x00000001  A7      : 0x00000000  A8      : 0x00000001  A9      : 0x00000032  
A10     : 0x00000000  A11     : 0xffffffff  A12     : 0x00000000  A13     : 0x00060023  
A14     : 0x00000001  A15     : 0x0000abab  SAR     : 0x00000012  EXCCAUSE: 0x0000001c  
EXCVADDR: 0x00000032  LBEG    : 0x00000000  LEND    : 0x00000000  LCOUNT  : 0x00000000  


Backtrace: 0x4037bb42:0x3fc99c20 0x4037aad4:0x3fc99c40 0x4037aaca:0xa5a5a5a5 |<-CORRUPTED




ELF file SHA256: 13f95a739

Rebooting...
ESP-ROM:esp32s3-20210327
Build:Mar 27 2021
rst:0xc (RTC_SW_CPU_RST),boot:0x8 (SPI_FAST_FLASH_BOOT)
Saved PC:0x42007483
SPIWP:0xee
Octal Flash Mode Enabled
For OPI Flash, Use Default Flash Boot Mode
mode:SLOW_RD, clock div:1
load:0x3fce3810,len:0x178c
load:0x403c9700,len:0x4
load:0x403c9704,len:0xcbc
load:0x403cc700,len:0x2da0
entry 0x403c9914
[0;32mI (32) boot: ESP-IDF v5.2.1 2nd stage bootloader[0m
[0;32mI (32) boot: compile time May 22 2024 16:25:09[0m
[0;32mI (33) boot: Multicore bootloader[0m
[0;32mI (36) boot: chip revision: v0.1[0m
[0;32mI (39) boot.esp32s3: Boot SPI Speed : 80MHz[0m
[0;32mI (44) boot.esp32s3: SPI Mode       : SLOW READ[0m
[0;32mI (49) boot.esp32s3: SPI Flash Size : 2MB[0m
[0;32mI (54) boot: Enabling RNG early entropy source...[0m
[0;32mI (60) boot: Partition Table:[0m
[0;32mI (63) boot: ## Label            Usage          Type ST Offset   Length[0m
[0;32mI (70) boot:  0 nvs              WiFi data        01 02 00009000 00006000[0m
[0;32mI (78) boot:  1 phy_init         RF data          01 01 0000f000 00001000[0m
[0;32mI (85) boot:  2 factory          factory app      00 00 00010000 00100000[0m
[0;32mI (93) boot: End of partition table[0m
[0;32mI (97) esp_image: segment 0: paddr=00010020 vaddr=3c020020 size=0dbd4h ( 56276) map[0m
[0;32mI (119) esp_image: segment 1: paddr=0001dbfc vaddr=3fc92000 size=0241ch (  9244) load[0m
[0;32mI (122) esp_image: segment 2: paddr=00020020 vaddr=42000020 size=1a730h (108336) map[0m
[0;32mI (151) esp_image: segment 3: paddr=0003a758 vaddr=3fc9441c size=004b4h (  1204) load[0m
[0;32mI (151) esp_image: segment 4: paddr=0003ac14 vaddr=40374000 size=0dfach ( 57260) load[0m
[0;32mI (178) boot: Loaded app from partition at offset 0x10000[0m
[0;32mI (178) boot: Disabling RNG early entropy source...[0m
[0;32mI (189) cpu_start: Multicore app[0m
[0;32mI (199) cpu_start: Pro cpu start user code[0m
[0;32mI (199) cpu_start: cpu freq: 160000000 Hz[0m
[0;32mI (199) cpu_start: Application information:[0m
[0;32mI (202) cpu_start: Project name:     motor_control_perron[0m
[0;32mI (208) cpu_start: App version:      1[0m
[0;32mI (212) cpu_start: Compile time:     May 22 2024 16:24:29[0m
[0;32mI (218) cpu_start: ELF file SHA256:  13f95a739...[0m
[0;32mI (224) cpu_start: ESP-IDF:          v5.2.1[0m
[0;32mI (229) cpu_start: Min chip rev:     v0.0[0m
[0;32mI (233) cpu_start: Max chip rev:     v0.99 [0m
[0;32mI (238) cpu_start: Chip rev:         v0.1[0m
[0;32mI (243) heap_init: Initializing. RAM available for dynamic allocation:[0m
[0;32mI (250) heap_init: At 3FC951A8 len 00054568 (337 KiB): RAM[0m
[0;32mI (256) heap_init: At 3FCE9710 len 00005724 (21 KiB): RAM[0m
[0;32mI (262) heap_init: At 3FCF0000 len 00008000 (32 KiB): DRAM[0m
[0;32mI (268) heap_init: At 600FE010 len 00001FD8 (7 KiB): RTCRAM[0m
[0;33mW (275) spi_flash: Octal flash chip is using but dio mode is selected, will automatically swich to Octal mode[0m
[0;32mI (285) spi_flash: detected chip: mxic (opi)[0m
[0;32mI (290) spi_flash: flash io: opi_str[0m
[0;33mW (294) spi_flash: Detected size(32768k) larger than the size in the binary image header(2048k). Using the size in the binary image header.[0m
[0;32mI (308) sleep: Configure to isolate all GPIO pins in sleep state[0m
[0;32mI (315) sleep: Enable automatic switching of GPIO sleep configuration[0m
[0;32mI (322) main_task: Started on CPU0[0m
[0;32mI (332) main_task: Calling app_main()[0m
[0;32mI (332) example: install pcnt unit[0m
[0;32mI (332) example: set glitch filter[0m
Guru Meditation Error: Core  1 panic'ed (LoadProhibited). Exception was unhandled.

Core  1 register dump:
PC      : 0x4037bb45  PS      : 0x00060033  A0      : 0x4037aad7  A1      : 0x3fc99c20  
A2      : 0x3fc9a4d0  A3      : 0x00000000  A4      : 0x3fc94b38  A5      : 0x00000002  
A6      : 0x00000001  A7      : 0x00000000  A8      : 0x00000001  A9      : 0x00000032  
A10     : 0x00000000  A11     : 0xffffffff  A12     : 0x00000000  A13     : 0x00060023  
A14     : 0x00000001  A15     : 0x0000abab  SAR     : 0x00000012  EXCCAUSE: 0x0000001c  
EXCVADDR: 0x00000032  LBEG    : 0x00000000  LEND    : 0x00000000  LCOUNT  : 0x00000000  


Backtrace: 0x4037bb42:0x3fc99c20 0x4037aad4:0x3fc99c40 0x4037aaca:0xa5a5a5a5 |<-CORRUPTED




ELF file SHA256: 13f95a739

Rebooting...
ESP-ROM:esp32s3-20210327
Build:Mar 27 2021
rst:0xc (RTC_SW_CPU_RST),boot:0x8 (SPI_FAST_FLASH_BOOT)
Saved PC:0x42007483
SPIWP:0xee
Octal Flash Mode Enabled
For OPI Flash, Use Default Flash Boot Mode
mode:SLOW_RD, clock div:1
load:0x3fce3810,len:0x178c
load:0x403c9700,len:0x4
load:0x403c9704,len:0xcbc
load:0x403cc700,len:0x2da0
entry 0x403c9914
[0;32mI (32) boot: ESP-IDF v5.2.1 2nd stage bootloader[0m
[0;32mI (32) boot: compile time May 22 2024 16:25:09[0m
[0;32mI (33) boot: Multicore bootloader[0m
[0;32mI (36) boot: chip revision: v0.1[0m
[0;32mI (39) boot.esp32s3: Boot SPI Speed : 80MHz[0m
[0;32mI (44) boot.esp32s3: SPI Mode       : SLOW READ[0m
[0;32mI (49) boot.esp32s3: SPI Flash Size : 2MB[0m
[0;32mI (54) boot: Enabling RNG early entropy source...[0m
[0;32mI (60) boot: Partition Table:[0m
[0;32mI (63) boot: ## Label            Usage          Type ST Offset   Length[0m
[0;32mI (70) boot:  0 nvs              WiFi data        01 02 00009000 00006000[0m
[0;32mI (78) boot:  1 phy_init         RF data          01 01 0000f000 00001000[0m
[0;32mI (85) boot:  2 factory          factory app      00 00 00010000 00100000[0m
[0;32mI (93) boot: End of partition table[0m
[0;32mI (97) esp_image: segment 0: paddr=00010020 vaddr=3c020020 size=0dbd4h ( 56276) map[0m
[0;32mI (119) esp_image: segment 1: paddr=0001dbfc vaddr=3fc92000 size=0241ch (  9244) load[0m
[0;32mI (122) esp_image: segment 2: paddr=00020020 vaddr=42000020 size=1a730h (108336) map[0m
[0;32mI (151) esp_image: segment 3: paddr=0003a758 vaddr=3fc9441c size=004b4h (  1204) load[0m
[0;32mI (151) esp_image: segment 4: paddr=0003ac14 vaddr=40374000 size=0dfach ( 57260) load[0m
[0;32mI (178) boot: Loaded app from partition at offset 0x10000[0m
[0;32mI (178) boot: Disabling RNG early entropy source...[0m
[0;32mI (189) cpu_start: Multicore app[0m
[0;32mI (199) cpu_start: Pro cpu start user code[0m
[0;32mI (199) cpu_start: cpu freq: 160000000 Hz[0m
[0;32mI (199) cpu_start: Application information:[0m
[0;32mI (202) cpu_start: Project name:     motor_control_perron[0m
[0;32mI (208) cpu_start: App version:      1[0m
[0;32mI (212) cpu_start: Compile time:     May 22 2024 16:24:29[0m
[0;32mI (218) cpu_start: ELF file SHA256:  13f95a739...[0m
[0;32mI (224) cpu_start: ESP-IDF:          v5.2.1[0m
[0;32mI (229) cpu_start: Min chip rev:     v0.0[0m
[0;32mI (233) cpu_start: Max chip rev:     v0.99 [0m
[0;32mI (238) cpu_start: Chip rev:         v0.1[0m
[0;32mI (243) heap_init: Initializing. RAM available for dynamic allocation:[0m
[0;32mI (250) heap_init: At 3FC951A8 len 00054568 (337 KiB): RAM[0m
[0;32mI (256) heap_init: At 3FCE9710 len 00005724 (21 KiB): RAM[0m
[0;32mI (262) heap_init: At 3FCF0000 len 00008000 (32 KiB): DRAM[0m
[0;32mI (268) heap_init: At 600FE010 len 00001FD8 (7 KiB): RTCRAM[0m
[0;33mW (275) spi_flash: Octal flash chip is using but dio mode is selected, will automatically swich to Octal mode[0m
[0;32mI (285) spi_flash: detected chip: mxic (opi)[0m
[0;32mI (290) spi_flash: flash io: opi_str[0m
[0;33mW (294) spi_flash: Detected size(32768k) larger than the size in the binary image header(2048k). Using the size in the binary image header.[0m
[0;32mI (308) sleep: Configure to isolate all GPIO pins in sleep state[0m
[0;32mI (315) sleep: Enable automatic switching of GPIO sleep configuration[0m
[0;32mI (322) main_task: Started on CPU0[0m
[0;32mI (332) main_task: Calling app_main()[0m
[0;32mI (332) example: install pcnt unit[0m
[0;32mI (332) example: set glitch filter[0m
Guru Meditation Error: Core  1 panic'ed (LoadProhibited). Exception was unhandled.

Core  1 register dump:
PC      : 0x4037bb45  PS      : 0x00060033  A0      : 0x4037aad7  A1      : 0x3fc99c20  
A2      : 0x3fc9a4d0  A3      : 0x00000000  A4      : 0x3fc94b38  A5      : 0x00000002  
A6      : 0x00000001  A7      : 0x00000000  A8      : 0x00000001  A9      : 0x00000032  
A10     : 0x00000000  A11     : 0xffffffff  A12     : 0x00000000  A13     : 0x00060023  
A14     : 0x00000001  A15     : 0x0000abab  SAR     : 0x00000012  EXCCAUSE: 0x0000001c  
EXCVADDR: 0x00000032  LBEG    : 0x00000000  LEND    : 0x00000000  LCOUNT  : 0x00000000  


Backtrace: 0x4037bb42:0x3fc99c20 0x4037aad4:0x3fc99c40 0x4037aaca:0xa5a5a5a5 |<-CORRUPTED




ELF file SHA256: 13f95a739

Rebooting...
ESP-ROM:esp32s3-20210327
Build:Mar 27 2021
rst:0xc (RTC_SW_CPU_RST),boot:0x8 (SPI_FAST_FLASH_BOOT)
Saved PC:0x42007483
SPIWP:0xee
Octal Flash Mode Enabled
For OPI Flash, Use Default Flash Boot Mode
mode:SLOW_RD, clock div:1
load:0x3fce3810,len:0x178c
load:0x403c9700,len:0x4
load:0x403c9704,len:0xcbc
load:0x403cc700,len:0x2da0
entry 0x403c9914
[0;32mI (32) boot: ESP-IDF v5.2.1 2nd stage bootloader[0m
[0;32mI (32) boot: compile time May 22 2024 16:25:09[0m
[0;32mI (33) boot: Multicore bootloader[0m
[0;32mI (36) boot: chip revision: v0.1[0m
[0;32mI (39) boot.esp32s3: Boot SPI Speed : 80MHz[0m
[0;32mI (44) boot.esp32s3: SPI Mode       : SLOW READ[0m
[0;32mI (49) boot.esp32s3: SPI Flash Size : 2MB[0m
[0;32mI (54) boot: Enabling RNG early entropy source...[0m
[0;32mI (60) boot: Partition Table:[0m
[0;32mI (63) boot: ## Label            Usage          Type ST Offset   Length[0m
[0;32mI (70) boot:  0 nvs              WiFi data        01 02 00009000 00006000[0m
[0;32mI (78) boot:  1 phy_init         RF data          01 01 0000f000 00001000[0m
[0;32mI (85) boot:  2 factory          factory app      00 00 00010000 00100000[0m
[0;32mI (93) boot: End of partition table[0m
[0;32mI (97) esp_image: segment 0: paddr=00010020 vaddr=3c020020 size=0dbd4h ( 56276) map[0m
[0;32mI (119) esp_image: segment 1: paddr=0001dbfc vaddr=3fc92000 size=0241ch (  9244) load[0m
[0;32mI (122) esp_image: segment 2: paddr=00020020 vaddr=42000020 size=1a730h (108336) map[0m
[0;32mI (151) esp_image: segment 3: paddr=0003a758 vaddr=3fc9441c size=004b4h (  1204) load[0m
[0;32mI (151) esp_image: segment 4: paddr=0003ac14 vaddr=40374000 size=0dfach ( 57260) load[0m
[0;32mI (178) boot: Loaded app from partition at offset 0x10000[0m
[0;32mI (178) boot: Disabling RNG early entropy source...[0m
[0;32mI (189) cpu_start: Multicore app[0m
[0;32mI (199) cpu_start: Pro cpu start user code[0m
[0;32mI (199) cpu_start: cpu freq: 160000000 Hz[0m
[0;32mI (199) cpu_start: Application information:[0m
[0;32mI (202) cpu_start: Project name:     motor_control_perron[0m
[0;32mI (208) cpu_start: App version:      1[0m
[0;32mI (212) cpu_start: Compile time:     May 22 2024 16:24:29[0m
[0;32mI (218) cpu_start: ELF file SHA256:  13f95a739...[0m
[0;32mI (224) cpu_start: ESP-IDF:          v5.2.1[0m
[0;32mI (229) cpu_start: Min chip rev:     v0.0[0m
[0;32mI (233) cpu_start: Max chip rev:     v0.99 [0m
